[22:18:04] [main/INFO]: Loading Minecraft 1.21.11 with Fabric Loader 0.19.2
[22:18:04] [main/INFO]: Loading 4 mods:
	- fabricloader 0.19.2
	   \-- mixinextras 0.5.4
	- java 25
	- minecraft 1.21.11
[22:18:04] [main/INFO]: SpongePowered MIXIN Subsystem Version=0.8.7 Source=file:/workspaces/GSP-GITHUB-SERVER-PROJECT/minecraft-server/minecraft-server/serverfiles/libraries/net/fabricmc/sponge-mixin/0.17.2+mixin.0.8.7/sponge-mixin-0.17.2+mixin.0.8.7.jar Service=Knot/Fabric Env=SERVER
[22:18:09] [main/INFO]: Environment: Environment[sessionHost=https://sessionserver.mojang.com, servicesHost=https://api.minecraftservices.com, profilesHost=https://api.mojang.com, name=PROD]
[22:18:11] [main/INFO]: Loaded 1470 recipes
[22:18:11] [main/INFO]: Loaded 1584 advancements
[22:18:11] [Server thread/INFO]: Starting minecraft server version 1.21.11
[22:18:11] [Server thread/INFO]: Loading properties
[22:18:11] [Server thread/INFO]: Default game type: SURVIVAL
[22:18:11] [Server thread/INFO]: Generating keypair
[22:18:12] [Server thread/INFO]: Starting Minecraft server on *:25565
[22:18:12] [Server thread/WARN]: **** SERVER IS RUNNING IN OFFLINE/INSECURE MODE!
[22:18:12] [Server thread/WARN]: The server will make no attempt to authenticate usernames. Beware.
[22:18:12] [Server thread/WARN]: While this makes the game possible to play without internet access, it also opens up the ability for hackers to connect with any username they choose.
[22:18:12] [Server thread/WARN]: To change this, set "online-mode" to "true" in the server.properties file.
[22:18:12] [Server thread/INFO]: Preparing level "world"
[22:18:12] [Server thread/INFO]: Loading 0 persistent chunks...
[22:18:12] [Server thread/INFO]: Preparing spawn area: 100%
[22:18:12] [Server thread/INFO]: Time elapsed: 18 ms
[22:18:12] [Server thread/INFO]: Done (0.372s)! For help, type "help"
[22:18:12] [Server thread/INFO]: Starting GS4 status listener
[22:18:12] [Server thread/INFO]: Thread Query Listener started
[22:18:12] [Query Listener #1/INFO]: Query running on 0.0.0.0:25565
[22:18:17] [Server thread/INFO]: Melody849[/127.60.148.33:38043] logged in with entity id 62 at (-2992.5418114396402, 54.0, -287.69999998807907)
[22:18:17] [Server thread/INFO]: Melody849 joined the game
[22:18:19] [Server thread/INFO]: Melody849 fell from a high place
[22:18:44] [Server thread/INFO]: [Melody849: Set own game mode to Spectator Mode]
[22:18:52] [Server thread/INFO]: [Melody849: Set own game mode to Survival Mode]
[22:19:01] [Server thread/INFO]: HUmbertiski[/127.56.199.30:34521] logged in with entity id 685 at (-2996.1698458886367, 66.0, -438.870027643779)
[22:19:01] [Server thread/INFO]: HUmbertiski joined the game
[22:19:05] [Server thread/INFO]: Melody849 fell from a high place
[22:19:16] [Server thread/INFO]: [Not Secure] <HUmbertiski> xddddddddddddddddd
[22:19:22] [Server thread/INFO]: [HUmbertiski: Teleported HUmbertiski to Melody849]
[22:19:34] [Server thread/INFO]: Melody849 fell from a high place
[22:19:37] [Server thread/INFO]: [Not Secure] <HUmbertiski> q pedo
[22:19:40] [Server thread/INFO]: [Not Secure] <Melody849> d q
[22:19:45] [Server thread/INFO]: [Not Secure] <HUmbertiski> y mi hierro
[22:19:50] [Server thread/INFO]: [Not Secure] <Melody849> xd
[22:19:55] [Server thread/INFO]: [Not Secure] <Melody849> desaparecio
[22:20:00] [Server thread/INFO]: [Not Secure] <HUmbertiski> apareci en un lugsr random
[22:20:05] [Server thread/INFO]: [Not Secure] <Melody849> x2
[22:20:16] [Server thread/INFO]: [Not Secure] <Melody849> apareci arriba y mori
[22:20:37] [Server thread/INFO]: [Not Secure] <HUmbertiski> xddd
[22:20:41] [Server thread/INFO]: Melody849 was blown up by Creeper
[22:20:47] [Server thread/INFO]: [Not Secure] <Melody849> mis cosas
[22:20:51] [Server thread/INFO]: [Not Secure] <HUmbertiski> xddddd
[22:21:23] [Server thread/INFO]: [Melody849: Set the time to 1000]
[22:22:00] [Server thread/INFO]: [HUmbertiski: Teleported HUmbertiski to Melody849]
[22:22:37] [Server thread/INFO]: [HUmbertiski: Teleported HUmbertiski to Melody849]
[22:22:53] [Server thread/INFO]: [Not Secure] <HUmbertiski> sube
[22:23:03] [Server thread/INFO]: Melody849 was shot by Skeleton
[22:23:12] [Server thread/INFO]: [HUmbertiski: Teleported HUmbertiski to Melody849]
[22:25:26] [Server thread/INFO]: [Not Secure] <Melody849> los shader no dejan ver nada
[22:25:31] [Server thread/INFO]: [Not Secure] <HUmbertiski> xddd
[22:26:21] [Server thread/INFO]: [Not Secure] <Melody849> estos si
[22:26:34] [Server thread/INFO]: [Not Secure] <HUmbertiski> diavlo
[22:26:59] [Server thread/INFO]: [Melody849: Teleported Melody849 to HUmbertiski]
[22:28:23] [Server thread/INFO]: [Not Secure] <Melody849> creo q ya es suficiente
[22:28:28] [Server thread/INFO]: [Not Secure] <HUmbertiski> si xd
[22:28:34] [Server thread/INFO]: [Not Secure] <HUmbertiski> como subimos<¿
[22:28:34] [Server thread/INFO]: [Not Secure] <Melody849> y el agua
[22:28:44] [Server thread/INFO]: [Not Secure] <HUmbertiski> se congelo xd
[22:28:54] [Server thread/INFO]: [Not Secure] <Melody849> xd
[22:29:12] [Server thread/INFO]: HUmbertiski has made the advancement [Not Today, Thank You]
[22:29:30] [Server thread/INFO]: [HUmbertiski: Teleported HUmbertiski to Melody849]
[22:30:16] [Server thread/INFO]: [Not Secure] <Melody849> q brilla el cobre
[22:30:25] [Server thread/INFO]: [Not Secure] <HUmbertiski> xd
[22:30:29] [Server thread/INFO]: [Not Secure] <HUmbertiski> lo voy a vemde}
[22:30:37] [Server thread/INFO]: [Not Secure] <Melody849> a
[22:31:19] [Server thread/INFO]: [HUmbertiski: Teleported Melody849 to HUmbertiski]
[22:32:18] [Server thread/INFO]: Melody849 has made the advancement [Hot Stuff]
[22:32:55] [Server thread/INFO]: [Not Secure] <HUmbertiski> xdddd
[22:33:33] [Server thread/INFO]: [Not Secure] <HUmbertiski> dehalo asi
[22:35:48] [Server thread/INFO]: [Not Secure] <Melody849> ya
[22:36:12] [Server thread/INFO]: [Not Secure] <Melody849> tenes comida?
[22:36:13] [Server thread/INFO]: [Not Secure] <HUmbertiski> andas 2 de hierro<?
[22:36:20] [Server thread/INFO]: [Not Secure] <Melody849> si
[22:36:22] [Server thread/INFO]: [Not Secure] <HUmbertiski> dame
[22:36:39] [Server thread/INFO]: [Not Secure] <HUmbertiski> full hierro
[22:36:50] [Server thread/INFO]: [Not Secure] <HUmbertiski> comsigamos comida
[22:36:54] [Server thread/INFO]: [Not Secure] <Melody849> ok
[22:38:59] [Server thread/INFO]: [Not Secure] <Melody849> q
[22:39:17] [Server thread/INFO]: [Not Secure] <Melody849> ay
[22:39:51] [Server thread/INFO]: Melody849 has made the advancement [We Need to Go Deeper]
[22:41:11] [Server thread/INFO]: HUmbertiski has made the advancement [We Need to Go Deeper]
[22:43:09] [Server thread/INFO]: [Not Secure] <HUmbertiski> guarda coordenadas del portal}
[22:43:30] [Server thread/INFO]: HUmbertiski burned to death
[22:43:34] [Server thread/INFO]: [Not Secure] <HUmbertiski> pera
[22:43:38] [Server thread/INFO]: [Not Secure] <HUmbertiski> pta
[22:43:40] [Server thread/INFO]: [Not Secure] <Melody849> xd
[22:44:08] [Server thread/INFO]: [Not Secure] <Melody849> ya
[22:44:44] [Server thread/INFO]: [Not Secure] <HUmbertiski> a6yud++
[22:45:11] [Server thread/INFO]: [Not Secure] <HUmbertiski> ayuda
[22:45:20] [Server thread/INFO]: Melody849 fell from a high place
[22:45:21] [Server thread/INFO]: [Not Secure] <HUmbertiski> aste tp
[22:45:24] [Server thread/INFO]: [Not Secure] <HUmbertiski> xdddd
[22:45:41] [Server thread/INFO]: [Not Secure] <Melody849> ay
[22:45:45] [Server thread/INFO]: [HUmbertiski: Teleported HUmbertiski to Melody849]
[22:48:46] [Server thread/INFO]: [Melody849: Teleported Melody849 to HUmbertiski]
[22:49:04] [Server thread/INFO]: [Not Secure] <HUmbertiski> andas comida>?
[22:49:07] [Server thread/INFO]: [Not Secure] <Melody849> no
[22:49:11] [Server thread/INFO]: [Not Secure] <Melody849> and a 2 hp
[22:49:15] [Server thread/INFO]: [Not Secure] <HUmbertiski> uta
[22:49:37] [Server thread/INFO]: [Not Secure] <Melody849> 1 hp
[22:49:45] [Server thread/INFO]: [HUmbertiski: Teleported HUmbertiski to HUmbertiski]
[22:49:52] [Server thread/INFO]: [Not Secure] <Melody849> xd
[22:50:00] [Server thread/INFO]: [Not Secure] <Melody849> te tepeas a vos mismo
[22:50:29] [Server thread/INFO]: [Not Secure] <HUmbertiski> me muero de hambre
[22:50:32] [Server thread/INFO]: [Not Secure] <Melody849> x2
[22:50:49] [Server thread/INFO]: [Not Secure] <HUmbertiski> matame
[22:50:56] [Server thread/INFO]: HUmbertiski was slain by Melody849
[22:51:23] [Server thread/INFO]: [HUmbertiski: Teleported HUmbertiski to Melody849]
[22:51:51] [Server thread/INFO]: [Not Secure] <HUmbertiski> y lo demas?
[22:52:06] [Server thread/INFO]: [Not Secure] <Melody849> creo q callo a la lava
[22:52:14] [Server thread/INFO]: [Not Secure] <HUmbertiski> uta
[22:52:23] [Server thread/INFO]: [Not Secure] <HUmbertiski> y era mi espada
[22:53:02] [Server thread/INFO]: Melody849 was shot by Piglin
[22:53:12] [Server thread/INFO]: [Not Secure] <HUmbertiski> tenes piedra hierro o cobre?P
[22:53:26] [Server thread/INFO]: [Not Secure] <Melody849> nada xd
[22:53:34] [Server thread/INFO]: [Not Secure] <HUmbertiski> aste tp
[22:53:44] [Server thread/INFO]: [Melody849: Teleported Melody849 to HUmbertiski]
[22:54:03] [Server thread/INFO]: [Not Secure] <HUmbertiski> xddd
[22:54:09] [Server thread/INFO]: [Not Secure] <Melody849> tenia q caer en el fuego
[22:57:28] [Server thread/INFO]: [Not Secure] <Melody849> tengo un happy gast
[22:57:33] [Server thread/INFO]: [Not Secure] <HUmbertiski> uff
[22:57:41] [Server thread/INFO]: [Not Secure] <HUmbertiski> sepa q ed
[22:58:32] [Server thread/INFO]: [Not Secure] <Melody849> tenes comida
[22:58:34] [Server thread/INFO]: [Not Secure] <Melody849> ?
[22:58:44] [Server thread/INFO]: [Not Secure] <HUmbertiski> si
[22:58:57] [Server thread/INFO]: Melody849 fell from a high place
[22:59:01] [Server thread/INFO]: [Not Secure] <HUmbertiski> xddddd
[22:59:07] [Server thread/INFO]: [Not Secure] <HUmbertiski> tp
[22:59:40] [Server thread/INFO]: [Not Secure] <HUmbertiski> trae un horno
[23:00:07] [Server thread/INFO]: Melody849 tried to swim in lava
[23:00:12] [Server thread/INFO]: [Not Secure] <HUmbertiski> aste tp w
[23:00:35] [Server thread/INFO]: [Melody849: Teleported Melody849 to HUmbertiski]
[23:00:48] [Server thread/INFO]: [Not Secure] <Melody849> enserio
[23:00:50] [Server thread/INFO]: [Not Secure] <Melody849> xd
[23:01:29] [Server thread/INFO]: Melody849 was slain by Zombified Piglin
[23:01:44] [Server thread/INFO]: [HUmbertiski: Teleported HUmbertiski to Melody849]
[23:02:02] [Server thread/INFO]: Melody849 has made the advancement [Stay Hydrated!]
[23:02:15] [Server thread/INFO]: [Not Secure] <HUmbertiski> esq un oiglin tenia una lanza
[23:02:18] [Server thread/INFO]: [Not Secure] <Melody849> a
[23:02:27] [Server thread/INFO]: [Not Secure] <Melody849> las puedes craftear xd
[23:02:27] [Server thread/INFO]: [Not Secure] <HUmbertiski> lo mate por ella xd
[23:02:58] [Server thread/INFO]: HUmbertiski has made the advancement [A Seedy Place]
[23:03:42] [Server thread/INFO]: HUmbertiski fell from a high place
[23:03:46] [Server thread/INFO]: [Not Secure] <Melody849> xd
[23:04:11] [Server thread/INFO]: [Not Secure] <HUmbertiski> busca una fortaleza mientras consigo comida
[23:04:36] [Server thread/INFO]: [Not Secure] <Melody849> q crezca
[23:04:44] [Server thread/INFO]: [Not Secure] <Melody849> asi me voi volando
[23:05:02] [Server thread/INFO]: [Not Secure] <HUmbertiski> ufff
[23:05:11] [Server thread/INFO]: [Not Secure] <Melody849> mi chamaco :>
[23:05:16] [Server thread/INFO]: [Not Secure] <HUmbertiski> xddd
[23:07:54] [Server thread/INFO]: [HUmbertiski: Teleported HUmbertiski to Melody849]
[23:08:59] [Server thread/INFO]: [Not Secure] <HUmbertiski> se me apago el monitor xd
[23:09:25] [Server thread/INFO]: [Not Secure] <Melody849> xde
[23:09:56] [Server thread/INFO]: [HUmbertiski: Teleported HUmbertiski to Melody849]
[23:11:04] [Server thread/INFO]: [Not Secure] <Melody849> 2
[23:13:30] [Server thread/INFO]: Melody849 burned to death
[23:13:47] [Server thread/INFO]: [Not Secure] <Melody849> diablo
[23:13:53] [Server thread/INFO]: [Melody849: Teleported Melody849 to HUmbertiski]
[23:14:20] [Server thread/INFO]: Melody849 was slain by Enderman
[23:14:36] [Server thread/INFO]: HUmbertiski was slain by Piglin
[23:14:48] [Server thread/INFO]: [Not Secure] <Melody849> xd
[23:15:55] [Server thread/INFO]: Melody849 was shot by Piglin
[23:16:18] [Server thread/INFO]: [HUmbertiski: Teleported HUmbertiski to Melody849]
[23:16:39] [Server thread/INFO]: [Not Secure] <Melody849> xd
[23:16:51] [Server thread/INFO]: [Not Secure] <HUmbertiski> ten}
[23:17:54] [Server thread/INFO]: HUmbertiski was slain by Enderman
[23:17:58] [Server thread/INFO]: [Not Secure] <Melody849> j
[23:17:59] [Server thread/INFO]: [Not Secure] <Melody849> ja
[23:18:01] [Server thread/INFO]: [HUmbertiski: Teleported HUmbertiski to Melody849]
[23:18:30] [Server thread/INFO]: [Not Secure] <Melody849> 4
[23:19:23] [Server thread/INFO]: Melody849 was slain by Enderman
[23:19:31] [Server thread/INFO]: HUmbertiski was slain by Zombified Piglin
[23:19:49] [Server thread/INFO]: [Not Secure] <Melody849> me lo queria robar
[23:21:04] [Server thread/INFO]: [Not Secure] <HUmbertiski> voy a comer w
[23:21:07] [Server thread/INFO]: [Not Secure] <Melody849> ok
[23:21:11] [Server thread/INFO]: [Not Secure] <HUmbertiski> juego despues
[23:21:14] [Server thread/INFO]: [Not Secure] <HUmbertiski> dale
[23:21:17] [Server thread/INFO]: HUmbertiski lost connection: Disconnected
[23:21:17] [Server thread/INFO]: HUmbertiski left the game
[23:23:23] [Server thread/INFO]: [Melody849: Teleported Melody849 to -387.874000, 97.000000, -33.941000]
[23:24:44] [Server thread/INFO]: Melody849 lost connection: Disconnected
[23:24:44] [Server thread/INFO]: Melody849 left the game
