Starting net.fabricmc.loader.impl.game.minecraft.BundlerClassPathCapture
[18:46:40] [main/INFO]: Loading Minecraft 1.21.11 with Fabric Loader 0.19.2
[18:46:40] [main/INFO]: Loading 4 mods:
	- fabricloader 0.19.2
	   \-- mixinextras 0.5.4
	- java 25
	- minecraft 1.21.11
[18:46:40] [main/INFO]: SpongePowered MIXIN Subsystem Version=0.8.7 Source=file:/workspaces/GSP-GITHUB-SERVER-PROJECT/minecraft-server/minecraft-server/serverfiles/libraries/net/fabricmc/sponge-mixin/0.17.2+mixin.0.8.7/sponge-mixin-0.17.2+mixin.0.8.7.jar Service=Knot/Fabric Env=SERVER
WARNING: A terminally deprecated method in sun.misc.Unsafe has been called
WARNING: sun.misc.Unsafe::objectFieldOffset has been called by org.joml.MemUtil$MemUtilUnsafe (file:/workspaces/GSP-GITHUB-SERVER-PROJECT/minecraft-server/minecraft-server/serverfiles/libraries/org/joml/joml/1.10.8/joml-1.10.8.jar)
WARNING: Please consider reporting this to the maintainers of class org.joml.MemUtil$MemUtilUnsafe
WARNING: sun.misc.Unsafe::objectFieldOffset will be removed in a future release
[18:46:47] [main/INFO]: Environment: Environment[sessionHost=https://sessionserver.mojang.com, servicesHost=https://api.minecraftservices.com, profilesHost=https://api.mojang.com, name=PROD]
[18:46:49] [main/INFO]: Loaded 1470 recipes
[18:46:49] [main/INFO]: Loaded 1584 advancements
[18:46:49] [Server thread/INFO]: Starting minecraft server version 1.21.11
[18:46:49] [Server thread/INFO]: Loading properties
[18:46:49] [Server thread/INFO]: Default game type: SURVIVAL
[18:46:49] [Server thread/INFO]: Generating keypair
[18:46:50] [Server thread/INFO]: Starting Minecraft server on *:25565
[18:46:50] [Server thread/WARN]: **** SERVER IS RUNNING IN OFFLINE/INSECURE MODE!
[18:46:50] [Server thread/WARN]: The server will make no attempt to authenticate usernames. Beware.
[18:46:50] [Server thread/WARN]: While this makes the game possible to play without internet access, it also opens up the ability for hackers to connect with any username they choose.
[18:46:50] [Server thread/WARN]: To change this, set "online-mode" to "true" in the server.properties file.
[18:46:50] [Server thread/INFO]: Preparing level "world"
[18:46:50] [Server thread/INFO]: Loading 0 persistent chunks...
[18:46:50] [Server thread/INFO]: Preparing spawn area: 100%
[18:46:50] [Server thread/INFO]: Time elapsed: 14 ms
[18:46:50] [Server thread/INFO]: Done (0.312s)! For help, type "help"
[18:46:50] [Server thread/INFO]: Starting GS4 status listener
[18:46:50] [Server thread/INFO]: Thread Query Listener started
[18:46:50] [Query Listener #1/INFO]: Query running on 0.0.0.0:25565
[18:47:50] [Server thread/INFO]: Server empty for 60 seconds, pausing
[18:50:11] [Server thread/INFO]: Melody849[/127.60.148.33:40745] logged in with entity id 90 at (-1001.3000000119209, 64.0, -223.05978514845899)
[18:50:11] [Server thread/INFO]: Melody849 joined the game
[19:12:47] [Server thread/INFO]: Melody849 has made the advancement [Isn't It Iron Pick]
[19:14:34] [Server thread/INFO]: Melody849 has made the advancement [Not Today, Thank You]
[19:18:35] [Server thread/INFO]: Melody849 has made the advancement [Suit Up]
[19:25:19] [Server thread/INFO]: Melody849 lost connection: Disconnected
[19:25:19] [Server thread/INFO]: Melody849 left the game
[19:26:19] [Server thread/INFO]: Server empty for 60 seconds, pausing
