Starting net.fabricmc.loader.impl.game.minecraft.BundlerClassPathCapture
[20:49:11] [main/INFO]: Loading Minecraft 1.21.11 with Fabric Loader 0.19.2
[20:49:11] [main/INFO]: Loading 4 mods:
	- fabricloader 0.19.2
	   \-- mixinextras 0.5.4
	- java 25
	- minecraft 1.21.11
[20:49:11] [main/INFO]: SpongePowered MIXIN Subsystem Version=0.8.7 Source=file:/workspaces/GSP-GITHUB-SERVER-PROJECT/minecraft-server/minecraft-server/serverfiles/libraries/net/fabricmc/sponge-mixin/0.17.2+mixin.0.8.7/sponge-mixin-0.17.2+mixin.0.8.7.jar Service=Knot/Fabric Env=SERVER
WARNING: A terminally deprecated method in sun.misc.Unsafe has been called
WARNING: sun.misc.Unsafe::objectFieldOffset has been called by org.joml.MemUtil$MemUtilUnsafe (file:/workspaces/GSP-GITHUB-SERVER-PROJECT/minecraft-server/minecraft-server/serverfiles/libraries/org/joml/joml/1.10.8/joml-1.10.8.jar)
WARNING: Please consider reporting this to the maintainers of class org.joml.MemUtil$MemUtilUnsafe
WARNING: sun.misc.Unsafe::objectFieldOffset will be removed in a future release
[20:49:21] [main/INFO]: Environment: Environment[sessionHost=https://sessionserver.mojang.com, servicesHost=https://api.minecraftservices.com, profilesHost=https://api.mojang.com, name=PROD]
[20:49:24] [main/INFO]: Loaded 1470 recipes
[20:49:24] [main/INFO]: Loaded 1584 advancements
[20:49:25] [Server thread/INFO]: Starting minecraft server version 1.21.11
[20:49:25] [Server thread/INFO]: Loading properties
[20:49:25] [Server thread/INFO]: Default game type: SURVIVAL
[20:49:25] [Server thread/INFO]: Generating keypair
[20:49:25] [Server thread/INFO]: Starting Minecraft server on *:25565
[20:49:25] [Server thread/WARN]: **** SERVER IS RUNNING IN OFFLINE/INSECURE MODE!
[20:49:25] [Server thread/WARN]: The server will make no attempt to authenticate usernames. Beware.
[20:49:25] [Server thread/WARN]: While this makes the game possible to play without internet access, it also opens up the ability for hackers to connect with any username they choose.
[20:49:25] [Server thread/WARN]: To change this, set "online-mode" to "true" in the server.properties file.
[20:49:25] [Server thread/INFO]: Preparing level "world"
[20:49:26] [Server thread/INFO]: Loading 0 persistent chunks...
[20:49:26] [Server thread/INFO]: Preparing spawn area: 100%
[20:49:26] [Server thread/INFO]: Time elapsed: 20 ms
[20:49:26] [Server thread/INFO]: Done (0.427s)! For help, type "help"
[20:49:26] [Server thread/INFO]: Starting GS4 status listener
[20:49:26] [Server thread/INFO]: Thread Query Listener started
[20:49:26] [Query Listener #1/INFO]: Query running on 0.0.0.0:25565
[20:49:30] [Server thread/WARN]: UUID of added entity already exists: class_1463['Rabbit'/49, l='ServerLevel[world]', x=-2149.00, y=91.00, z=258.00]
[20:49:30] [Server thread/WARN]: UUID of added entity already exists: class_1463['Rabbit'/51, l='ServerLevel[world]', x=-2148.00, y=92.00, z=260.00]
[20:49:31] [Server thread/INFO]: Melody849[/127.60.148.33:60339] logged in with entity id 52 at (-2169.4998900695387, 96.89044745325997, 290.37796837315204)
[20:49:31] [Server thread/INFO]: Melody849 joined the game
[20:49:34] [Server thread/WARN]: UUID of added entity already exists: class_1463['Rabbit'/199, l='ServerLevel[world]', x=-2043.87, y=88.00, z=333.96]
[20:49:34] [Server thread/WARN]: UUID of added entity already exists: class_1463['Rabbit'/207, l='ServerLevel[world]', x=-2041.90, y=88.09, z=342.50]
[20:49:34] [Server thread/WARN]: UUID of added entity already exists: class_1463['Rabbit'/208, l='ServerLevel[world]', x=-2045.36, y=92.00, z=342.51]
[20:52:54] [Server thread/INFO]: JosaYT123[/127.240.152.246:33365] logged in with entity id 932 at (-1039.81432419906, 64.0, -149.93276539463912)
[20:52:54] [Server thread/INFO]: JosaYT123 joined the game
[20:54:16] [Server thread/INFO]: [Not Secure] <JosaYT123> Lenin que haces
[20:54:23] [Server thread/INFO]: [Not Secure] <Melody849> nd
[20:55:56] [Server thread/INFO]: JosaYT123 was shot by Skeleton
[20:56:01] [Server thread/INFO]: [Not Secure] <Melody849> xd
[20:56:29] [Server thread/INFO]: [JosaYT123: Teleported JosaYT123 to Melody849]
[21:01:02] [Server thread/INFO]: JosaYT123 has made the advancement [Suit Up]
[21:02:19] [Server thread/INFO]: [Not Secure] <Melody849> pera
[21:02:21] [Server thread/INFO]: [Not Secure] <JosaYT123> dame hierro
[21:02:40] [Server thread/INFO]: [Not Secure] <JosaYT123> madera tenes
[21:02:51] [Server thread/INFO]: [Not Secure] <Melody849> no xd
[21:02:56] [Server thread/INFO]: [Not Secure] <JosaYT123> palos
[21:05:26] [Server thread/INFO]: [Not Secure] <Melody849> espera
[21:05:34] [Server thread/INFO]: [Not Secure] <Melody849> estoy metiendo el uniformwe
[21:05:39] [Server thread/INFO]: [Not Secure] <JosaYT123> ok
[21:05:56] [Server thread/INFO]: [Not Secure] <Melody849> aya
[21:07:06] [Server thread/INFO]: [Not Secure] <JosaYT123> picalos
[21:08:52] [Server thread/INFO]: [Not Secure] <Melody849> donde vamos?
[21:09:59] [Server thread/INFO]: [Not Secure] <Melody849> pinche nieve
[21:11:02] [Server thread/INFO]: [Not Secure] <Melody849> aaaaaaaaaa
[21:12:50] [Server thread/INFO]: [Not Secure] <JosaYT123> piedra dame
[21:13:07] [Server thread/INFO]: [Not Secure] <Melody849> no tengo xd
[21:19:10] [Server thread/INFO]: Melody849 was slain by JosaYT123
[21:19:20] [Server thread/INFO]: [Melody849: Teleported Melody849 to Melody849]
[21:19:25] [Server thread/INFO]: [Melody849: Teleported Melody849 to JosaYT123]
[21:19:35] [Server thread/INFO]: [Not Secure] <Melody849> ay
[21:20:16] [Server thread/INFO]: [Not Secure] <Melody849> aldea cerca creo
[21:20:22] [Server thread/INFO]: [Not Secure] <Melody849> hay calabazas
[21:20:55] [Server thread/INFO]: [Not Secure] <JosaYT123> dame comida
