Starting net.fabricmc.loader.impl.game.minecraft.BundlerClassPathCapture
[21:41:04] [main/INFO]: Loading Minecraft 1.21.11 with Fabric Loader 0.19.2
[21:41:04] [main/INFO]: Loading 4 mods:
	- fabricloader 0.19.2
	   \-- mixinextras 0.5.4
	- java 25
	- minecraft 1.21.11
[21:41:04] [main/INFO]: SpongePowered MIXIN Subsystem Version=0.8.7 Source=file:/workspaces/GSP-GITHUB-SERVER-PROJECT/minecraft-server/minecraft-server/serverfiles/libraries/net/fabricmc/sponge-mixin/0.17.2+mixin.0.8.7/sponge-mixin-0.17.2+mixin.0.8.7.jar Service=Knot/Fabric Env=SERVER
WARNING: A terminally deprecated method in sun.misc.Unsafe has been called
WARNING: sun.misc.Unsafe::objectFieldOffset has been called by org.joml.MemUtil$MemUtilUnsafe (file:/workspaces/GSP-GITHUB-SERVER-PROJECT/minecraft-server/minecraft-server/serverfiles/libraries/org/joml/joml/1.10.8/joml-1.10.8.jar)
WARNING: Please consider reporting this to the maintainers of class org.joml.MemUtil$MemUtilUnsafe
WARNING: sun.misc.Unsafe::objectFieldOffset will be removed in a future release
[21:41:13] [main/INFO]: Environment: Environment[sessionHost=https://sessionserver.mojang.com, servicesHost=https://api.minecraftservices.com, profilesHost=https://api.mojang.com, name=PROD]
[21:41:15] [main/INFO]: Loaded 1470 recipes
[21:41:15] [main/INFO]: Loaded 1584 advancements
[21:41:16] [Server thread/INFO]: Starting minecraft server version 1.21.11
[21:41:16] [Server thread/INFO]: Loading properties
[21:41:16] [Server thread/INFO]: Default game type: SURVIVAL
[21:41:16] [Server thread/INFO]: Generating keypair
[21:41:16] [Server thread/INFO]: Starting Minecraft server on *:25565
[21:41:16] [Server thread/WARN]: **** SERVER IS RUNNING IN OFFLINE/INSECURE MODE!
[21:41:16] [Server thread/WARN]: The server will make no attempt to authenticate usernames. Beware.
[21:41:16] [Server thread/WARN]: While this makes the game possible to play without internet access, it also opens up the ability for hackers to connect with any username they choose.
[21:41:16] [Server thread/WARN]: To change this, set "online-mode" to "true" in the server.properties file.
[21:41:16] [Server thread/INFO]: Preparing level "world"
[21:41:17] [Server thread/INFO]: Loading 0 persistent chunks...
[21:41:17] [Server thread/INFO]: Preparing spawn area: 100%
[21:41:17] [Server thread/INFO]: Time elapsed: 12 ms
[21:41:17] [Server thread/INFO]: Done (0.570s)! For help, type "help"
[21:41:17] [Server thread/INFO]: Starting GS4 status listener
[21:41:17] [Server thread/INFO]: Thread Query Listener started
[21:41:17] [Query Listener #1/INFO]: Query running on 0.0.0.0:25565
[21:41:21] [Server thread/INFO]: Melody849[/127.60.148.33:38801] logged in with entity id 36 at (-2547.421617591291, 66.0, -1360.2301444830148)
[21:41:21] [Server thread/INFO]: Melody849 joined the game
[21:41:24] [Server thread/INFO]: HUmbertiski[/127.56.199.30:37433] logged in with entity id 187 at (-2552.2628953174312, 67.25220334025373, -1364.2895315692535)
[21:41:24] [Server thread/INFO]: HUmbertiski joined the game
[21:41:45] [Server thread/INFO]: [Melody849: Set the target tick rate to 10000.0 per second]
[21:41:46] [Server thread/INFO]: HUmbertiski was slain by Zombie
[21:41:46] [Server thread/WARN]: Can't keep up! Is the server overloaded? Running 1009ms or 10094 ticks behind
[21:41:48] [Server thread/INFO]: Melody849 was slain by Spider
[21:41:51] [Server thread/INFO]: [Melody849: Set the target tick rate to 20.0 per second]
[21:41:52] [Server thread/INFO]: Melody849 was slain by Zombie
[21:42:00] [Server thread/INFO]: [Not Secure] <Melody849> ya
[21:42:13] [Server thread/INFO]: [Melody849: Teleported HUmbertiski to Melody849]
[21:42:26] [Server thread/INFO]: [Melody849: The game is frozen]
[21:42:57] [Server thread/INFO]: [Not Secure] <HUmbertiski> xdddd
[21:43:32] [Server thread/INFO]: [Melody849: The game is running normally]
[21:43:46] [Server thread/INFO]: [Not Secure] <HUmbertiski> pvp
[21:43:48] [Server thread/INFO]: [Melody849: Set the target tick rate to 1.0 per second]
[21:43:53] [Server thread/INFO]: [Not Secure] <Melody849> ok
[21:44:19] [Server thread/INFO]: [Not Secure] <HUmbertiski> xddddd
[21:44:24] [Server thread/INFO]: [Melody849: Set the target tick rate to 10.0 per second]
[21:44:36] [Server thread/INFO]: Melody849 was slain by HUmbertiski
[21:44:40] [Server thread/INFO]: [Not Secure] <HUmbertiski> xd
[21:44:43] [Server thread/INFO]: [Melody849: Set the target tick rate to 10000.0 per second]
[21:44:44] [Server thread/WARN]: Can't keep up! Is the server overloaded? Running 1003ms or 10034 ticks behind
[21:44:49] [Server thread/WARN]: HUmbertiski was kicked for floating too long!
[21:44:49] [Server thread/INFO]: HUmbertiski lost connection: Disconnected
[21:44:49] [Server thread/INFO]: HUmbertiski left the game
[21:44:49] [Server thread/WARN]: handleDisconnection() called twice
[21:44:53] [Server thread/INFO]: HUmbertiski[/127.56.199.30:34231] logged in with entity id 1631 at (-2538.6161941536134, 68.13797611000415, -1371.0148959544965)
[21:44:53] [Server thread/INFO]: HUmbertiski joined the game
[21:45:06] [Server thread/WARN]: Melody849 was kicked for floating too long!
[21:45:06] [Server thread/INFO]: Melody849 lost connection: Flying is not enabled on this server
[21:45:06] [Server thread/INFO]: Melody849 left the game
[21:45:10] [Server thread/INFO]: Melody849[/127.60.148.33:44911] logged in with entity id 1919 at (-2540.040131276767, 66.24918707874468, -1376.0126535515194)
[21:45:10] [Server thread/INFO]: Melody849 joined the game
[21:45:13] [Server thread/WARN]: HUmbertiski was kicked for floating too long!
[21:45:13] [Server thread/INFO]: HUmbertiski lost connection: Flying is not enabled on this server
[21:45:13] [Server thread/INFO]: HUmbertiski left the game
[21:45:15] [Server thread/INFO]: [Not Secure] <Melody849> me dice q ando hacks
[21:45:15] [Server thread/INFO]: HUmbertiski[/127.56.199.30:39821] logged in with entity id 1977 at (-2539.9338559750563, 67.25220334025373, -1372.578792946553)
[21:45:15] [Server thread/INFO]: HUmbertiski joined the game
[21:45:17] [Server thread/WARN]: HUmbertiski was kicked for floating too long!
[21:45:17] [Server thread/INFO]: HUmbertiski lost connection: Flying is not enabled on this server
[21:45:17] [Server thread/INFO]: HUmbertiski left the game
[21:45:20] [Server thread/INFO]: HUmbertiski[/127.56.199.30:49931] logged in with entity id 2024 at (-2542.0796722546274, 65.25220334025373, -1372.73028103294)
[21:45:20] [Server thread/INFO]: HUmbertiski joined the game
[21:45:21] [Server thread/INFO]: [Not Secure] <Melody849> me dice q ando hacks
[21:45:27] [Server thread/INFO]: [Not Secure] <HUmbertiski> xdddd
[21:45:27] [Server thread/INFO]: [Melody849: Set the target tick rate to 20.0 per second]
[21:45:27] [Server thread/WARN]: Can't keep up! Is the server overloaded? Running 28054ms or 561 ticks behind
[21:45:36] [Server thread/INFO]: Melody849 was slain by HUmbertiski
[21:45:43] [Server thread/INFO]: [Melody849: The game is frozen]
[21:46:16] [Server thread/INFO]: [Not Secure] <Melody849> xd
[21:46:19] [Server thread/INFO]: [Not Secure] <HUmbertiski> xd
[21:46:30] [Server thread/INFO]: [Not Secure] <Melody849> se me bugeo el pack de animaciones
[21:46:43] [Server thread/INFO]: [Not Secure] <HUmbertiski> xddddddd
[21:47:06] [Server thread/INFO]: [Not Secure] <HUmbertiski> como no si congelastes el juego
[21:47:18] [Server thread/INFO]: [Not Secure] <Melody849> calla
[21:47:25] [Server thread/INFO]: [Not Secure] <HUmbertiski> ño
[21:47:32] [Server thread/INFO]: [Melody849: The game is running normally]
[21:47:38] [Server thread/INFO]: [Not Secure] <Melody849> ora q
[21:47:44] [Server thread/INFO]: [Not Secure] <Melody849> perdimos todo
[21:47:44] [Server thread/INFO]: [Not Secure] <HUmbertiski> xd
[21:47:45] [Server thread/INFO]: [Not Secure] <Melody849> xd
[21:48:01] [Server thread/INFO]: [Not Secure] <HUmbertiski> hasta orita tedas cuenta
[21:48:07] [Server thread/INFO]: [Melody849: The game is sprinting]
[21:48:13] [Server thread/WARN]: Melody849 was kicked for floating too long!
[21:48:13] [Server thread/INFO]: Melody849 lost connection: Flying is not enabled on this server
[21:48:13] [Server thread/INFO]: Melody849 left the game
[21:48:16] [Server thread/INFO]: Melody849[/127.60.148.33:53515] logged in with entity id 2504 at (-2548.1653332534397, 64.24918707874468, -1385.9481024563268)
[21:48:16] [Server thread/INFO]: Melody849 joined the game
[21:48:21] [Server thread/WARN]: HUmbertiski was kicked for floating too long!
[21:48:21] [Server thread/INFO]: HUmbertiski lost connection: Flying is not enabled on this server
[21:48:21] [Server thread/INFO]: HUmbertiski left the game
[21:48:21] [Server thread/WARN]: Melody849 was kicked for floating too long!
[21:48:21] [Server thread/INFO]: Melody849 lost connection: Flying is not enabled on this server
[21:48:21] [Server thread/INFO]: Melody849 left the game
[21:48:24] [Server thread/INFO]: Disconnecting /127.60.148.33:53909: Took too long to log in
[21:48:24] [Server thread/INFO]: /127.60.148.33:53909 lost connection: Took too long to log in
[21:48:24] [Server thread/WARN]: handleDisconnection() called twice
[21:48:25] [Server thread/INFO]: Sprint completed with 4033 ticks per second, or 0.25 ms per tick
[21:48:28] [Server thread/INFO]: Melody849[/127.60.148.33:48981] logged in with entity id 2629 at (-2545.3850856721238, 64.15304928920126, -1386.6976543918604)
[21:48:28] [Server thread/INFO]: Melody849 joined the game
[21:48:38] [Server thread/INFO]: HUmbertiski[/127.56.199.30:46093] logged in with entity id 2888 at (-2549.3583719155927, 64.24918707874468, -1386.6172451638602)
[21:48:38] [Server thread/INFO]: HUmbertiski joined the game
[21:48:40] [Server thread/INFO]: [Not Secure] <Melody849> xd
[21:48:44] [Server thread/INFO]: [Not Secure] <Melody849> por q te saca
[21:49:00] [Server thread/INFO]: [Not Secure] <Melody849> el josafat tiene mis cosas
[21:49:16] [Server thread/INFO]: [Not Secure] <HUmbertiski> q nub}
[21:49:33] [Server thread/INFO]: [Melody849: Set the target tick rate to 200.0 per second]
[21:49:58] [Server thread/INFO]: HUmbertiski was slain by Melody849
[21:50:15] [Server thread/INFO]: Melody849 was slain by HUmbertiski
[21:50:28] [Server thread/INFO]: [Not Secure] <Melody849> pica
[21:50:34] [Server thread/INFO]: [Not Secure] <Melody849> yo observo
[21:50:56] [Server thread/INFO]: [Not Secure] <HUmbertiski> as de dia
[21:51:01] [Server thread/INFO]: Melody849 was blown up by Creeper
[21:51:05] [Server thread/INFO]: [Not Secure] <HUmbertiski> xddddd
[21:51:09] [Server thread/INFO]: Villager class_1646['Nitwit'/2646, l='ServerLevel[world]', x=-2548.33, y=66.56, z=-1363.48] died, message: 'Nitwit was blown up by Creeper'
[21:51:20] [Server thread/INFO]: [Melody849: Set the time to 1000]
[21:51:37] [Server thread/INFO]: [Not Secure] <Melody849> esta masiso el plugin
[21:51:48] [Server thread/INFO]: [Not Secure] <HUmbertiski> xdd
[21:51:52] [Server thread/WARN]: Can't keep up! Is the server overloaded? Running 1100ms or 220 ticks behind
[21:52:04] [Server thread/WARN]: Can't keep up! Is the server overloaded? Running 1596ms or 319 ticks behind
[21:52:12] [Server thread/INFO]: [Not Secure] <HUmbertiski> al menos puedo usar solo una antorcha
[21:52:19] [Server thread/INFO]: [Not Secure] <Melody849> almenos
[21:52:54] [Server thread/INFO]: [Not Secure] <HUmbertiski> pon normal el tiempo q me van a papiar
[21:53:01] [Server thread/INFO]: [Melody849: Set the time to 1000]
[21:53:06] [Server thread/INFO]: [Melody849: Set the target tick rate to 20.0 per second]
[21:53:10] [Server thread/INFO]: [Not Secure] <Melody849> ya
[21:53:15] [Server thread/INFO]: [Not Secure] <HUmbertiski> grax
[21:53:35] [Server thread/INFO]: [Melody849: Set spawn point to -2518, 63, -1373 [0.0, 0.0] in minecraft:overworld for Melody849]
[21:53:41] [Server thread/INFO]: Melody849 was killed
[21:53:41] [Server thread/INFO]: [Melody849: Killed Melody849]
[21:54:59] [Server thread/INFO]: [Not Secure] <HUmbertiski> xd?
[21:55:03] [Server thread/INFO]: [Not Secure] <Melody849> q
[21:55:09] [Server thread/INFO]: [Not Secure] <HUmbertiski> desaparecistes
[21:55:17] [Server thread/INFO]: [Not Secure] <Melody849> ya toy lejos xd
[21:55:26] [Server thread/INFO]: [Not Secure] <HUmbertiski> xd
[21:56:58] [Server thread/INFO]: [HUmbertiski: Teleported HUmbertiski to Melody849]
[21:57:22] [Server thread/INFO]: [Not Secure] <Melody849> pinche hielo
[21:57:25] [Server thread/INFO]: [Not Secure] <HUmbertiski> xddd
[21:57:51] [Server thread/INFO]: [Not Secure] <Melody849> xd
[21:58:01] [Server thread/INFO]: [Not Secure] <HUmbertiski> encontre hierro
[21:58:01] [Server thread/INFO]: [Not Secure] <Melody849> el bb
[21:58:04] [Server thread/INFO]: [Not Secure] <HUmbertiski> xd
[21:58:52] [Server thread/INFO]: [Not Secure] <Melody849> otra aldea
[21:59:05] [Server thread/INFO]: [Not Secure] <HUmbertiski> lava
[21:59:17] [Server thread/INFO]: [Not Secure] <Melody849> al nether?
[21:59:27] [Server thread/INFO]: Villager class_1646['Villager'/9976, l='ServerLevel[world]', x=-2984.72, y=64.00, z=-191.63] died, message: 'Villager suffocated in a wall'
[21:59:31] [Server thread/INFO]: [Not Secure] <HUmbertiski> dale
[21:59:41] [Server thread/INFO]: Melody849 was killed
[21:59:41] [Server thread/INFO]: [Melody849: Killed Melody849]
[21:59:44] [Server thread/INFO]: [Not Secure] <HUmbertiski> xdddd
[22:02:58] [Server thread/INFO]: [Not Secure] <HUmbertiski> vamos ala lava
[22:03:02] [Server thread/INFO]: [Not Secure] <Melody849> ok
[22:04:10] [Server thread/INFO]: [Not Secure] <HUmbertiski> veni
[22:04:28] [Server thread/INFO]: [Not Secure] <HUmbertiski> ven w
[22:05:01] [Server thread/INFO]: [Melody849: Teleported Melody849 to HUmbertiski]
[22:05:41] [Server thread/INFO]: [Not Secure] <Melody849> grax
[22:06:04] [Server thread/INFO]: [Not Secure] <Melody849> voy por grava
[22:06:11] [Server thread/INFO]: [Not Secure] <HUmbertiski> ok
[22:08:02] [Server thread/INFO]: Melody849 was killed
[22:08:02] [Server thread/INFO]: [Melody849: Killed Melody849]
[22:08:08] [Server thread/INFO]: [Not Secure] <HUmbertiski> xddd
[22:09:30] [Server thread/INFO]: Melody849 lost connection: Timed out
[22:09:30] [Server thread/INFO]: Melody849 left the game
[22:09:30] [Server thread/WARN]: handleDisconnection() called twice
[22:09:39] [Server thread/INFO]: Melody849[/127.60.148.33:49549] logged in with entity id 12815 at (-3002.5275806649265, 65.0, -227.68062099442105)
[22:09:39] [Server thread/INFO]: Melody849 joined the game
[22:10:44] [Server thread/INFO]: [Not Secure] <Melody849> y la cubeta?
[22:10:59] [Server thread/INFO]: [Not Secure] <HUmbertiski> tenes 2 de hierro<'
[22:11:02] [Server thread/INFO]: [Not Secure] <HUmbertiski> ?
[22:11:05] [Server thread/INFO]: [Not Secure] <Melody849> 1
[22:11:10] [Server thread/INFO]: [Not Secure] <HUmbertiski> falta 1
[22:11:17] [Server thread/INFO]: [Not Secure] <Melody849> diavlo
[22:11:36] [Server thread/INFO]: [Not Secure] <Melody849> xd
[22:12:04] [Server thread/INFO]: [Not Secure] <HUmbertiski> deja busco 1 d hierro
[22:12:35] [Server thread/INFO]: [Melody849: Set own game mode to Creative Mode]
[22:12:37] [Server thread/INFO]: [Melody849: Set own game mode to Spectator Mode]
[22:12:53] [Server thread/INFO]: [Melody849: Set own game mode to Survival Mode]
[22:13:28] [Server thread/INFO]: [Not Secure] <Melody849> mina
[22:13:35] [Server thread/INFO]: [HUmbertiski: Teleported HUmbertiski to Melody849]
[22:13:44] [Server thread/INFO]: [Not Secure] <HUmbertiski> em
[22:13:49] [Server thread/INFO]: [Not Secure] <Melody849> q
[22:13:51] [Server thread/INFO]: [Not Secure] <HUmbertiski> como llegamos ala alkdea?
[22:13:57] [Server thread/INFO]: [Not Secure] <Melody849> arriba esta
[22:13:59] [Server thread/INFO]: [Not Secure] <Melody849> xd
[22:14:01] [Server thread/INFO]: [Not Secure] <HUmbertiski> aaa
