Starting net.fabricmc.loader.impl.game.minecraft.BundlerClassPathCapture
[21:25:34] [main/INFO]: Loading Minecraft 1.21.11 with Fabric Loader 0.19.2
[21:25:34] [main/INFO]: Loading 4 mods:
	- fabricloader 0.19.2
	   \-- mixinextras 0.5.4
	- java 25
	- minecraft 1.21.11
[21:25:34] [main/INFO]: SpongePowered MIXIN Subsystem Version=0.8.7 Source=file:/workspaces/GSP-GITHUB-SERVER-PROJECT/minecraft-server/minecraft-server/serverfiles/libraries/net/fabricmc/sponge-mixin/0.17.2+mixin.0.8.7/sponge-mixin-0.17.2+mixin.0.8.7.jar Service=Knot/Fabric Env=SERVER
WARNING: A terminally deprecated method in sun.misc.Unsafe has been called
WARNING: sun.misc.Unsafe::objectFieldOffset has been called by org.joml.MemUtil$MemUtilUnsafe (file:/workspaces/GSP-GITHUB-SERVER-PROJECT/minecraft-server/minecraft-server/serverfiles/libraries/org/joml/joml/1.10.8/joml-1.10.8.jar)
WARNING: Please consider reporting this to the maintainers of class org.joml.MemUtil$MemUtilUnsafe
WARNING: sun.misc.Unsafe::objectFieldOffset will be removed in a future release
[21:25:40] [main/INFO]: Environment: Environment[sessionHost=https://sessionserver.mojang.com, servicesHost=https://api.minecraftservices.com, profilesHost=https://api.mojang.com, name=PROD]
[21:25:43] [main/INFO]: Loaded 1470 recipes
[21:25:43] [main/INFO]: Loaded 1584 advancements
[21:25:43] [Server thread/INFO]: Starting minecraft server version 1.21.11
[21:25:43] [Server thread/INFO]: Loading properties
[21:25:43] [Server thread/INFO]: Default game type: SURVIVAL
[21:25:43] [Server thread/INFO]: Generating keypair
[21:25:43] [Server thread/INFO]: Starting Minecraft server on *:25565
[21:25:43] [Server thread/WARN]: **** SERVER IS RUNNING IN OFFLINE/INSECURE MODE!
[21:25:43] [Server thread/WARN]: The server will make no attempt to authenticate usernames. Beware.
[21:25:43] [Server thread/WARN]: While this makes the game possible to play without internet access, it also opens up the ability for hackers to connect with any username they choose.
[21:25:43] [Server thread/WARN]: To change this, set "online-mode" to "true" in the server.properties file.
[21:25:43] [Server thread/INFO]: Preparing level "world"
[21:25:44] [Server thread/INFO]: Loading 0 persistent chunks...
[21:25:44] [Server thread/INFO]: Preparing spawn area: 100%
[21:25:44] [Server thread/INFO]: Time elapsed: 18 ms
[21:25:44] [Server thread/INFO]: Done (0.485s)! For help, type "help"
[21:25:44] [Server thread/INFO]: Starting GS4 status listener
[21:25:44] [Server thread/INFO]: Thread Query Listener started
[21:25:44] [Query Listener #1/INFO]: Query running on 0.0.0.0:25565
[21:26:44] [Server thread/INFO]: Server empty for 60 seconds, pausing
[21:27:01] [Server thread/INFO]: Melody849[/127.60.148.33:41111] logged in with entity id 65 at (-1920.6738235992636, 112.0, 64.23493684782069)
[21:27:01] [Server thread/INFO]: Melody849 joined the game
[21:29:19] [Server thread/INFO]: [Melody849: Set own game mode to Adventure Mode]
[21:29:24] [Server thread/INFO]: [Melody849: Set own game mode to Spectator Mode]
[21:30:25] [Server thread/INFO]: [Melody849: Set own game mode to Survival Mode]
[21:30:28] [Server thread/INFO]: [Melody849: Set own game mode to Spectator Mode]
[21:30:33] [Server thread/INFO]: [Melody849: Set own game mode to Survival Mode]
[21:30:35] [Server thread/INFO]: [Melody849: Set own game mode to Spectator Mode]
[21:31:11] [Server thread/INFO]: [Melody849: Set own game mode to Survival Mode]
[21:31:14] [Server thread/INFO]: [Not Secure] <Melody849> sdaewq
[21:31:21] [Server thread/INFO]: [Not Secure] <Melody849> 1
[21:31:25] [Server thread/INFO]: [Not Secure] <Melody849> 2
[21:31:26] [Server thread/INFO]: [Not Secure] <Melody849> 3
[21:31:27] [Server thread/INFO]: [Not Secure] <Melody849> 4
[21:31:28] [Server thread/INFO]: [Not Secure] <Melody849> 5
[21:31:30] [Server thread/INFO]: [Not Secure] <Melody849> 6
[21:31:36] [Server thread/INFO]: [Melody849: Set own game mode to Spectator Mode]
[21:31:46] [Server thread/INFO]: [Melody849: Set own game mode to Survival Mode]
[21:32:57] [Server thread/INFO]: HUmbertiski[/127.56.199.30:39329] logged in with entity id 2678 at (-987.3138689604029, 68.0, -314.54022793546994)
[21:32:57] [Server thread/INFO]: HUmbertiski joined the game
[21:33:18] [Server thread/INFO]: [HUmbertiski: Teleported HUmbertiski to Melody849]
[21:33:52] [Server thread/INFO]: [Not Secure] <HUmbertiski> ttenes comida?
[21:33:55] [Server thread/INFO]: [Not Secure] <Melody849> no
[21:33:59] [Server thread/INFO]: [Not Secure] <HUmbertiski> uta
[21:34:38] [Server thread/INFO]: Villager class_1646['Armorer'/1950, l='ServerLevel[world]', x=-2571.89, y=63.00, z=-1401.63] died, message: 'Armorer was slain by Melody849'
[21:34:41] [Server thread/INFO]: Villager class_1646['Fisherman'/1973, l='ServerLevel[world]', x=-2560.48, y=63.00, z=-1396.08] died, message: 'Fisherman was slain by Melody849'
[21:34:55] [Server thread/INFO]: [Not Secure] <HUmbertiski> tenes hierro?
[21:35:00] [Server thread/INFO]: [Not Secure] <Melody849> 3
[21:35:05] [Server thread/INFO]: Villager class_1646['Fletcher'/1951, l='ServerLevel[world]', x=-2557.89, y=63.00, z=-1405.37] died, message: 'Fletcher was slain by Melody849'
[21:35:06] [Server thread/INFO]: [Not Secure] <HUmbertiski> prest
[21:35:12] [Server thread/INFO]: [Not Secure] <Melody849> aca
[21:35:20] [Server thread/INFO]: HUmbertiski has made the advancement [Acquire Hardware]
[21:35:23] [Server thread/INFO]: [Not Secure] <HUmbertiski> GRAX
[21:36:21] [Server thread/INFO]: HUmbertiski has made the advancement [Sweet Dreams]
[21:36:50] [Server thread/INFO]: Melody849 has made the advancement [Sweet Dreams]
[21:37:15] [Server thread/INFO]: [Not Secure] <Melody849> xd
[21:37:16] [Server thread/INFO]: [Not Secure] <HUmbertiski> xd
[21:37:59] [Server thread/INFO]: [Melody849: Set the target tick rate to 10000.0 per second]
[21:38:00] [Server thread/WARN]: Can't keep up! Is the server overloaded? Running 1004ms or 10047 ticks behind
[21:38:26] [Server thread/INFO]: [Not Secure] <HUmbertiski> ala vrg
[21:38:32] [Server thread/INFO]: [Not Secure] <Melody849> ?
[21:38:44] [Server thread/INFO]: [Not Secure] <HUmbertiski> porq se mueven tan rapido
[21:38:47] [Server thread/INFO]: [Not Secure] <Melody849> xdddd
[21:38:57] [Server thread/INFO]: [Melody849: Set the target tick rate to 1.0 per second]
[21:39:03] [Server thread/INFO]: [Not Secure] <HUmbertiski> xddddd
[21:39:10] [Server thread/INFO]: [Melody849: Set the target tick rate to 20.0 per second]
[21:39:34] [Server thread/INFO]: [Melody849: Set the target tick rate to 10000.0 per second]
[21:39:35] [Server thread/WARN]: Can't keep up! Is the server overloaded? Running 1002ms or 10025 ticks behind
[21:39:38] [Server thread/INFO]: Villager class_1646['Fisherman'/2007, l='ServerLevel[world]', x=-2586.41, y=64.00, z=-1393.83] died, message: 'Fisherman was slain by Zombie'
[21:39:41] [Server thread/INFO]: HUmbertiski was slain by Zombie
[21:39:41] [Server thread/INFO]: Melody849 was slain by Zombie
[21:39:44] [Server thread/INFO]: HUmbertiski was slain by Zombie
[21:39:47] [Server thread/INFO]: HUmbertiski was slain by Zombie
[21:39:50] [Server thread/INFO]: HUmbertiski was slain by Zombie
[21:39:53] [Server thread/INFO]: HUmbertiski was slain by Zombie
[21:39:54] [Server thread/INFO]: Melody849 was slain by Zombie
[21:39:59] [Server thread/INFO]: HUmbertiski has made the advancement [Suit Up]
[21:40:01] [Server thread/INFO]: [Not Secure] <Melody849> xddddddddd
[21:40:02] [Server thread/INFO]: [Not Secure] <HUmbertiski> xdddd
[21:40:07] [Server thread/INFO]: HUmbertiski has made the advancement [Isn't It Iron Pick]
[21:40:18] [Server thread/INFO]: HUmbertiski was slain by Spider
[21:40:19] [Server thread/INFO]: Melody849 was slain by Spider
[21:40:30] [Server thread/INFO]: [HUmbertiski: Teleported HUmbertiski to Melody849]
[21:40:33] [Server thread/INFO]: [Not Secure] <Melody849> q tal el mod?
[21:40:35] [Server thread/WARN]: HUmbertiski was kicked for floating too long!
[21:40:35] [Server thread/INFO]: HUmbertiski lost connection: Flying is not enabled on this server
[21:40:35] [Server thread/INFO]: HUmbertiski left the game
[21:40:40] [Server thread/INFO]: [Not Secure] <Melody849> pluglin
[21:40:40] [Server thread/INFO]: HUmbertiski[/127.56.199.30:39075] logged in with entity id 16025 at (-2550.6276431850633, 67.25220334025373, -1362.1749193279898)
[21:40:40] [Server thread/INFO]: HUmbertiski joined the game
[21:40:44] [Server Watchdog/ERROR]: A single server tick took 60.00 seconds (should be max 0.00)
[21:40:44] [Server Watchdog/ERROR]: Considering it to be crashed, server will forcibly shutdown.
[21:40:45] [Server thread/WARN]: HUmbertiski was kicked for floating too long!
[21:40:45] [Server thread/INFO]: HUmbertiski lost connection: Flying is not enabled on this server
[21:40:45] [Server thread/INFO]: HUmbertiski left the game
Crash report:
---- Minecraft Crash Report ----
// I bet Cylons wouldn't have this problem.

Time: 2026-05-20 21:40:45
Description: Watching Server

java.lang.Error: Watchdog
	at knot//net.minecraft.class_5138.method_41032(class_5138.java:77)
	at knot//net.minecraft.class_2794.method_12113(class_2794.java:425)
	at knot//net.minecraft.class_1948.method_29950(class_1948.java:402)
	at knot//net.minecraft.class_1948.method_8664(class_1948.java:390)
	at knot//net.minecraft.class_1948.method_24930(class_1948.java:278)
	at knot//net.minecraft.class_1948.method_8663(class_1948.java:225)
	at knot//net.minecraft.class_1948.method_27821(class_1948.java:213)
	at knot//net.minecraft.class_3215.method_67502(class_3215.java:420)
	at knot//net.minecraft.class_3215.method_61265(class_3215.java:394)
	at knot//net.minecraft.class_3215.method_14161(class_3215.java:344)
	at knot//net.minecraft.class_3215.method_12127(class_3215.java:321)
	at knot//net.minecraft.class_3218.method_18765(class_3218.java:379)
	at knot//net.minecraft.server.MinecraftServer.method_3813(MinecraftServer.java:1145)
	at knot//net.minecraft.server.MinecraftServer.method_3748(MinecraftServer.java:1016)
	at knot//net.minecraft.class_3176.method_3748(class_3176.java:318)
	at knot//net.minecraft.server.MinecraftServer.method_76677(MinecraftServer.java:1049)
	at knot//net.minecraft.server.MinecraftServer.method_29741(MinecraftServer.java:771)
	at knot//net.minecraft.server.MinecraftServer.method_29739(MinecraftServer.java:301)
	at knot//net.minecraft.server.MinecraftServer$$Lambda/0x0000000011e0a770.run(Unknown Source)
	at java.base@25.0.2/java.lang.Thread.runWith(Thread.java:1487)
	at java.base@25.0.2/java.lang.Thread.run(Thread.java:1474)


A detailed walkthrough of the error, its code path and all known details is as follows:
---------------------------------------------------------------------------------------

-- Head --
Thread: Server Watchdog
Stacktrace:
	at knot//net.minecraft.class_5138.method_41032(class_5138.java:77)
	at knot//net.minecraft.class_2794.method_12113(class_2794.java:425)
	at knot//net.minecraft.class_1948.method_29950(class_1948.java:402)
	at knot//net.minecraft.class_1948.method_8664(class_1948.java:390)
	at knot//net.minecraft.class_1948.method_24930(class_1948.java:278)
	at knot//net.minecraft.class_1948.method_8663(class_1948.java:225)
	at knot//net.minecraft.class_1948.method_27821(class_1948.java:213)
	at knot//net.minecraft.class_3215.method_67502(class_3215.java:420)
	at knot//net.minecraft.class_3215.method_61265(class_3215.java:394)
	at knot//net.minecraft.class_3215.method_14161(class_3215.java:344)
	at knot//net.minecraft.class_3215.method_12127(class_3215.java:321)
	at knot//net.minecraft.class_3218.method_18765(class_3218.java:379)
	at knot//net.minecraft.server.MinecraftServer.method_3813(MinecraftServer.java:1145)
	at knot//net.minecraft.server.MinecraftServer.method_3748(MinecraftServer.java:1016)
	at knot//net.minecraft.class_3176.method_3748(class_3176.java:318)
	at knot//net.minecraft.server.MinecraftServer.method_76677(MinecraftServer.java:1049)
	at knot//net.minecraft.server.MinecraftServer.method_29741(MinecraftServer.java:771)
	at knot//net.minecraft.server.MinecraftServer.method_29739(MinecraftServer.java:301)

-- Thread Dump --
Details:
	Threads: "Reference Handler" daemon prio=10 Id=13 RUNNABLE
	at java.base@25.0.2/java.lang.ref.Reference.waitForReferencePendingList(Native Method)
	at java.base@25.0.2/java.lang.ref.Reference.processPendingReferences(Reference.java:246)
	at java.base@25.0.2/java.lang.ref.Reference$ReferenceHandler.run(Reference.java:208)


"Finalizer" daemon prio=8 Id=14 WAITING on java.lang.ref.ReferenceQueue$Lock@6296cee8
	at java.base@25.0.2/java.lang.Object.wait0(Native Method)
	-  waiting on java.lang.ref.ReferenceQueue$Lock@6296cee8
	at java.base@25.0.2/java.lang.Object.wait(Object.java:389)
	at java.base@25.0.2/java.lang.Object.wait(Object.java:351)
	at java.base@25.0.2/java.lang.ref.ReferenceQueue.remove0(ReferenceQueue.java:137)
	at java.base@25.0.2/java.lang.ref.ReferenceQueue.remove(ReferenceQueue.java:215)
	at java.base@25.0.2/java.lang.ref.Finalizer$FinalizerThread.run(Finalizer.java:165)


"Signal Dispatcher" daemon prio=9 Id=15 RUNNABLE


"Notification Thread" daemon prio=9 Id=21 RUNNABLE


"Common-Cleaner" daemon prio=8 Id=22 TIMED_WAITING on java.lang.ref.ReferenceQueue$Lock@2d277f34
	at java.base@25.0.2/java.lang.Object.wait0(Native Method)
	-  waiting on java.lang.ref.ReferenceQueue$Lock@2d277f34
	at java.base@25.0.2/java.lang.Object.wait(Object.java:389)
	at java.base@25.0.2/java.lang.ref.ReferenceQueue.remove0(ReferenceQueue.java:123)
	at java.base@25.0.2/java.lang.ref.ReferenceQueue.remove(ReferenceQueue.java:201)
	at java.base@25.0.2/jdk.internal.ref.CleanerImpl.run(CleanerImpl.java:146)
	at java.base@25.0.2/java.lang.Thread.runWith(Thread.java:1487)
	at java.base@25.0.2/java.lang.Thread.run(Thread.java:1474)
	at java.base@25.0.2/jdk.internal.misc.InnocuousThread.run(InnocuousThread.java:148)


"JNA Cleaner" daemon prio=5 Id=34 TIMED_WAITING on java.lang.ref.ReferenceQueue$Lock@799205f6
	at java.base@25.0.2/java.lang.Object.wait0(Native Method)
	-  waiting on java.lang.ref.ReferenceQueue$Lock@799205f6
	at java.base@25.0.2/java.lang.Object.wait(Object.java:389)
	at java.base@25.0.2/java.lang.ref.ReferenceQueue.remove0(ReferenceQueue.java:123)
	at java.base@25.0.2/java.lang.ref.ReferenceQueue.remove(ReferenceQueue.java:201)
	at knot//com.sun.jna.internal.Cleaner$CleanerThread.run(Cleaner.java:154)


"Timer hack thread" daemon prio=5 Id=35 TIMED_WAITING
	at java.base@25.0.2/java.lang.Thread.sleepNanos0(Native Method)
	at java.base@25.0.2/java.lang.Thread.sleepNanos(Thread.java:509)
	at java.base@25.0.2/java.lang.Thread.sleep(Thread.java:540)
	at knot//net.minecraft.class_156$11.run(class_156.java:990)


"Yggdrasil Key Fetcher" daemon prio=5 Id=36 TIMED_WAITING on java.util.concurrent.locks.AbstractQueuedSynchronizer$ConditionObject@7241304d
	at java.base@25.0.2/jdk.internal.misc.Unsafe.park(Native Method)
	-  waiting on java.util.concurrent.locks.AbstractQueuedSynchronizer$ConditionObject@7241304d
	at java.base@25.0.2/java.util.concurrent.locks.LockSupport.parkNanos(LockSupport.java:271)
	at java.base@25.0.2/java.util.concurrent.locks.AbstractQueuedSynchronizer$ConditionObject.awaitNanos(AbstractQueuedSynchronizer.java:1803)
	at java.base@25.0.2/java.util.concurrent.ScheduledThreadPoolExecutor$DelayedWorkQueue.take(ScheduledThreadPoolExecutor.java:1166)
	at java.base@25.0.2/java.util.concurrent.ScheduledThreadPoolExecutor$DelayedWorkQueue.take(ScheduledThreadPoolExecutor.java:883)
	at java.base@25.0.2/java.util.concurrent.ThreadPoolExecutor.getTask(ThreadPoolExecutor.java:1016)
	at java.base@25.0.2/java.util.concurrent.ThreadPoolExecutor.runWorker(ThreadPoolExecutor.java:1076)
	at java.base@25.0.2/java.util.concurrent.ThreadPoolExecutor$Worker.run(ThreadPoolExecutor.java:614)
	...


"Server thread" prio=5 Id=42 RUNNABLE
	at knot//net.minecraft.class_5138.method_41032(class_5138.java:77)
	at knot//net.minecraft.class_2794.method_12113(class_2794.java:425)
	at knot//net.minecraft.class_1948.method_29950(class_1948.java:402)
	at knot//net.minecraft.class_1948.method_8664(class_1948.java:390)
	at knot//net.minecraft.class_1948.method_24930(class_1948.java:278)
	at knot//net.minecraft.class_1948.method_8663(class_1948.java:225)
	at knot//net.minecraft.class_1948.method_27821(class_1948.java:213)
	at knot//net.minecraft.class_3215.method_67502(class_3215.java:420)
	...


"Server console handler" daemon prio=5 Id=44 RUNNABLE (in native)
	at java.base@25.0.2/java.io.FileInputStream.readBytes(Native Method)
	at java.base@25.0.2/java.io.FileInputStream.read(FileInputStream.java:281)
	at java.base@25.0.2/java.lang.System$In.read(System.java:1871)
	at java.base@25.0.2/java.io.BufferedInputStream.read1(BufferedInputStream.java:328)
	at java.base@25.0.2/java.io.BufferedInputStream.read(BufferedInputStream.java:388)
	-  locked java.io.BufferedInputStream@492565a4
	at java.base@25.0.2/sun.nio.cs.StreamDecoder.readBytes(StreamDecoder.java:279)
	at java.base@25.0.2/sun.nio.cs.StreamDecoder.implRead(StreamDecoder.java:322)
	at java.base@25.0.2/sun.nio.cs.StreamDecoder.read(StreamDecoder.java:186)
	-  locked java.io.InputStreamReader@36b97ec5
	...


"DestroyJavaVM" prio=5 Id=46 RUNNABLE


"Netty Epoll IO #0" daemon prio=5 Id=47 RUNNABLE
	at knot//io.netty.channel.epoll.Native.epollWait0(Native Method)
	at knot//io.netty.channel.epoll.Native.epollWait(Native.java:193)
	at knot//io.netty.channel.epoll.EpollIoHandler.epollWait(EpollIoHandler.java:373)
	at knot//io.netty.channel.epoll.EpollIoHandler.run(EpollIoHandler.java:439)
	at knot//io.netty.channel.SingleThreadIoEventLoop.runIo(SingleThreadIoEventLoop.java:225)
	at knot//io.netty.channel.SingleThreadIoEventLoop.run(SingleThreadIoEventLoop.java:196)
	at knot//io.netty.util.concurrent.SingleThreadEventExecutor$5.run(SingleThreadEventExecutor.java:1193)
	at knot//io.netty.util.internal.ThreadExecutorMap$2.run(ThreadExecutorMap.java:74)
	...

	Number of locked synchronizers = 1
	- java.util.concurrent.locks.ReentrantLock$NonfairSync@4d01f307


"Query Listener #1" prio=5 Id=48 RUNNABLE
	at java.base@25.0.2/sun.nio.ch.Net.poll(Native Method)
	at java.base@25.0.2/sun.nio.ch.DatagramChannelImpl.park(DatagramChannelImpl.java:496)
	at java.base@25.0.2/sun.nio.ch.DatagramChannelImpl.tryBlockingReceive(DatagramChannelImpl.java:671)
	at java.base@25.0.2/sun.nio.ch.DatagramChannelImpl.blockingReceive(DatagramChannelImpl.java:619)
	at java.base@25.0.2/sun.nio.ch.DatagramSocketAdaptor.receive(DatagramSocketAdaptor.java:193)
	-  locked java.net.DatagramPacket@2f6ba746
	at java.base@25.0.2/java.net.DatagramSocket.receive(DatagramSocket.java:638)
	at knot//net.minecraft.class_3364.run(class_3364.java:258)
	at java.base@25.0.2/java.lang.Thread.runWith(Thread.java:1487)
	...

	Number of locked synchronizers = 1
	- java.util.concurrent.locks.ReentrantLock$NonfairSync@1bd981f5


"Server Watchdog" daemon prio=5 Id=49 RUNNABLE
	at java.management@25.0.2/sun.management.ThreadImpl.dumpThreads0(Native Method)
	at java.management@25.0.2/sun.management.ThreadImpl.dumpAllThreads(ThreadImpl.java:505)
	at java.management@25.0.2/sun.management.ThreadImpl.dumpAllThreads(ThreadImpl.java:493)
	at knot//net.minecraft.class_3178.method_61256(class_3178.java:75)
	at knot//net.minecraft.class_3178.run(class_3178.java:47)
	at java.base@25.0.2/java.lang.Thread.runWith(Thread.java:1487)
	at java.base@25.0.2/java.lang.Thread.run(Thread.java:1474)


"Netty Epoll IO #1" daemon prio=5 Id=57 RUNNABLE
	at knot//io.netty.channel.epoll.Native.epollWait0(Native Method)
	at knot//io.netty.channel.epoll.Native.epollWait(Native.java:193)
	at knot//io.netty.channel.epoll.EpollIoHandler.epollWait(EpollIoHandler.java:373)
	at knot//io.netty.channel.epoll.EpollIoHandler.run(EpollIoHandler.java:439)
	at knot//io.netty.channel.SingleThreadIoEventLoop.runIo(SingleThreadIoEventLoop.java:225)
	at knot//io.netty.channel.SingleThreadIoEventLoop.run(SingleThreadIoEventLoop.java:196)
	at knot//io.netty.util.concurrent.SingleThreadEventExecutor$5.run(SingleThreadEventExecutor.java:1193)
	at knot//io.netty.util.internal.ThreadExecutorMap$2.run(ThreadExecutorMap.java:74)
	...

	Number of locked synchronizers = 1
	- java.util.concurrent.locks.ReentrantLock$NonfairSync@66eb9b1d


"Netty Epoll IO #2" daemon prio=5 Id=58 RUNNABLE
	at knot//io.netty.channel.epoll.Native.epollWait0(Native Method)
	at knot//io.netty.channel.epoll.Native.epollWait(Native.java:193)
	at knot//io.netty.channel.epoll.EpollIoHandler.epollWait(EpollIoHandler.java:373)
	at knot//io.netty.channel.epoll.EpollIoHandler.run(EpollIoHandler.java:439)
	at knot//io.netty.channel.SingleThreadIoEventLoop.runIo(SingleThreadIoEventLoop.java:225)
	at knot//io.netty.channel.SingleThreadIoEventLoop.run(SingleThreadIoEventLoop.java:196)
	at knot//io.netty.util.concurrent.SingleThreadEventExecutor$5.run(SingleThreadEventExecutor.java:1193)
	at knot//io.netty.util.internal.ThreadExecutorMap$2.run(ThreadExecutorMap.java:74)
	...

	Number of locked synchronizers = 1
	- java.util.concurrent.locks.ReentrantLock$NonfairSync@24b0c50c


"Worker-Main-4" daemon prio=5 Id=59 TIMED_WAITING on java.util.concurrent.ForkJoinPool@5613174b
	at java.base@25.0.2/jdk.internal.misc.Unsafe.park(Native Method)
	-  waiting on java.util.concurrent.ForkJoinPool@5613174b
	at java.base@25.0.2/java.util.concurrent.ForkJoinPool.awaitWork(ForkJoinPool.java:2109)
	at java.base@25.0.2/java.util.concurrent.ForkJoinPool.deactivate(ForkJoinPool.java:2063)
	at java.base@25.0.2/java.util.concurrent.ForkJoinPool.runWorker(ForkJoinPool.java:2027)
	at java.base@25.0.2/java.util.concurrent.ForkJoinWorkerThread.run(ForkJoinWorkerThread.java:187)


"Worker-Main-5" daemon prio=5 Id=60 WAITING on java.util.concurrent.ForkJoinPool@5613174b
	at java.base@25.0.2/jdk.internal.misc.Unsafe.park(Native Method)
	-  waiting on java.util.concurrent.ForkJoinPool@5613174b
	at java.base@25.0.2/java.util.concurrent.ForkJoinPool.awaitWork(ForkJoinPool.java:2109)
	at java.base@25.0.2/java.util.concurrent.ForkJoinPool.deactivate(ForkJoinPool.java:2063)
	at java.base@25.0.2/java.util.concurrent.ForkJoinPool.runWorker(ForkJoinPool.java:2027)
	at java.base@25.0.2/java.util.concurrent.ForkJoinWorkerThread.run(ForkJoinWorkerThread.java:187)


"Worker-Main-6" daemon prio=5 Id=61 WAITING on java.util.concurrent.ForkJoinPool@5613174b
	at java.base@25.0.2/jdk.internal.misc.Unsafe.park(Native Method)
	-  waiting on java.util.concurrent.ForkJoinPool@5613174b
	at java.base@25.0.2/java.util.concurrent.ForkJoinPool.awaitWork(ForkJoinPool.java:2109)
	at java.base@25.0.2/java.util.concurrent.ForkJoinPool.deactivate(ForkJoinPool.java:2063)
	at java.base@25.0.2/java.util.concurrent.ForkJoinPool.runWorker(ForkJoinPool.java:2027)
	at java.base@25.0.2/java.util.concurrent.ForkJoinWorkerThread.run(ForkJoinWorkerThread.java:187)


"Netty Epoll IO #3" daemon prio=5 Id=66 RUNNABLE
	at knot//io.netty.channel.epoll.Native.epollWait0(Native Method)
	at knot//io.netty.channel.epoll.Native.epollWait(Native.java:193)
	at knot//io.netty.channel.epoll.EpollIoHandler.epollWait(EpollIoHandler.java:373)
	at knot//io.netty.channel.epoll.EpollIoHandler.run(EpollIoHandler.java:439)
	at knot//io.netty.channel.SingleThreadIoEventLoop.runIo(SingleThreadIoEventLoop.java:225)
	at knot//io.netty.channel.SingleThreadIoEventLoop.run(SingleThreadIoEventLoop.java:196)
	at knot//io.netty.util.concurrent.SingleThreadEventExecutor$5.run(SingleThreadEventExecutor.java:1193)
	at knot//io.netty.util.internal.ThreadExecutorMap$2.run(ThreadExecutorMap.java:74)
	...

	Number of locked synchronizers = 1
	- java.util.concurrent.locks.ReentrantLock$NonfairSync@112e255


"Netty Epoll IO #4" daemon prio=5 Id=67 RUNNABLE
	at knot//io.netty.channel.epoll.Native.epollWait0(Native Method)
	at knot//io.netty.channel.epoll.Native.epollWait(Native.java:193)
	at knot//io.netty.channel.epoll.EpollIoHandler.epollWait(EpollIoHandler.java:373)
	at knot//io.netty.channel.epoll.EpollIoHandler.run(EpollIoHandler.java:439)
	at knot//io.netty.channel.SingleThreadIoEventLoop.runIo(SingleThreadIoEventLoop.java:225)
	at knot//io.netty.channel.SingleThreadIoEventLoop.run(SingleThreadIoEventLoop.java:196)
	at knot//io.netty.util.concurrent.SingleThreadEventExecutor$5.run(SingleThreadEventExecutor.java:1193)
	at knot//io.netty.util.internal.ThreadExecutorMap$2.run(ThreadExecutorMap.java:74)
	...

	Number of locked synchronizers = 1
	- java.util.concurrent.locks.ReentrantLock$NonfairSync@3b1bb219


"IO-Worker-15" prio=5 Id=71 TIMED_WAITING on java.util.concurrent.SynchronousQueue$Transferer@19a198d3
	at java.base@25.0.2/jdk.internal.misc.Unsafe.park(Native Method)
	-  waiting on java.util.concurrent.SynchronousQueue$Transferer@19a198d3
	at java.base@25.0.2/java.util.concurrent.locks.LockSupport.parkNanos(LockSupport.java:408)
	at java.base@25.0.2/java.util.concurrent.LinkedTransferQueue$DualNode.await(LinkedTransferQueue.java:452)
	at java.base@25.0.2/java.util.concurrent.SynchronousQueue$Transferer.xferLifo(SynchronousQueue.java:194)
	at java.base@25.0.2/java.util.concurrent.SynchronousQueue.xfer(SynchronousQueue.java:235)
	at java.base@25.0.2/java.util.concurrent.SynchronousQueue.poll(SynchronousQueue.java:338)
	at java.base@25.0.2/java.util.concurrent.ThreadPoolExecutor.getTask(ThreadPoolExecutor.java:1015)
	at java.base@25.0.2/java.util.concurrent.ThreadPoolExecutor.runWorker(ThreadPoolExecutor.java:1076)
	...


"IO-Worker-19" prio=5 Id=75 TIMED_WAITING on java.util.concurrent.SynchronousQueue$Transferer@19a198d3
	at java.base@25.0.2/jdk.internal.misc.Unsafe.park(Native Method)
	-  waiting on java.util.concurrent.SynchronousQueue$Transferer@19a198d3
	at java.base@25.0.2/java.util.concurrent.locks.LockSupport.parkNanos(LockSupport.java:408)
	at java.base@25.0.2/java.util.concurrent.LinkedTransferQueue$DualNode.await(LinkedTransferQueue.java:452)
	at java.base@25.0.2/java.util.concurrent.SynchronousQueue$Transferer.xferLifo(SynchronousQueue.java:194)
	at java.base@25.0.2/java.util.concurrent.SynchronousQueue.xfer(SynchronousQueue.java:235)
	at java.base@25.0.2/java.util.concurrent.SynchronousQueue.poll(SynchronousQueue.java:338)
	at java.base@25.0.2/java.util.concurrent.ThreadPoolExecutor.getTask(ThreadPoolExecutor.java:1015)
	at java.base@25.0.2/java.util.concurrent.ThreadPoolExecutor.runWorker(ThreadPoolExecutor.java:1076)
	...


"IO-Worker-20" prio=5 Id=76 TIMED_WAITING on java.util.concurrent.SynchronousQueue$Transferer@19a198d3
	at java.base@25.0.2/jdk.internal.misc.Unsafe.park(Native Method)
	-  waiting on java.util.concurrent.SynchronousQueue$Transferer@19a198d3
	at java.base@25.0.2/java.util.concurrent.locks.LockSupport.parkNanos(LockSupport.java:408)
	at java.base@25.0.2/java.util.concurrent.LinkedTransferQueue$DualNode.await(LinkedTransferQueue.java:452)
	at java.base@25.0.2/java.util.concurrent.SynchronousQueue$Transferer.xferLifo(SynchronousQueue.java:194)
	at java.base@25.0.2/java.util.concurrent.SynchronousQueue.xfer(SynchronousQueue.java:235)
	at java.base@25.0.2/java.util.concurrent.SynchronousQueue.poll(SynchronousQueue.java:338)
	at java.base@25.0.2/java.util.concurrent.ThreadPoolExecutor.getTask(ThreadPoolExecutor.java:1015)
	at java.base@25.0.2/java.util.concurrent.ThreadPoolExecutor.runWorker(ThreadPoolExecutor.java:1076)
	...


"IO-Worker-23" prio=5 Id=79 TIMED_WAITING on java.util.concurrent.SynchronousQueue$Transferer@19a198d3
	at java.base@25.0.2/jdk.internal.misc.Unsafe.park(Native Method)
	-  waiting on java.util.concurrent.SynchronousQueue$Transferer@19a198d3
	at java.base@25.0.2/java.util.concurrent.locks.LockSupport.parkNanos(LockSupport.java:408)
	at java.base@25.0.2/java.util.concurrent.LinkedTransferQueue$DualNode.await(LinkedTransferQueue.java:452)
	at java.base@25.0.2/java.util.concurrent.SynchronousQueue$Transferer.xferLifo(SynchronousQueue.java:194)
	at java.base@25.0.2/java.util.concurrent.SynchronousQueue.xfer(SynchronousQueue.java:235)
	at java.base@25.0.2/java.util.concurrent.SynchronousQueue.poll(SynchronousQueue.java:338)
	at java.base@25.0.2/java.util.concurrent.ThreadPoolExecutor.getTask(ThreadPoolExecutor.java:1015)
	at java.base@25.0.2/java.util.concurrent.ThreadPoolExecutor.runWorker(ThreadPoolExecutor.java:1076)
	...


"IO-Worker-24" prio=5 Id=80 TIMED_WAITING on java.util.concurrent.SynchronousQueue$Transferer@19a198d3
	at java.base@25.0.2/jdk.internal.misc.Unsafe.park(Native Method)
	-  waiting on java.util.concurrent.SynchronousQueue$Transferer@19a198d3
	at java.base@25.0.2/java.util.concurrent.locks.LockSupport.parkNanos(LockSupport.java:408)
	at java.base@25.0.2/java.util.concurrent.LinkedTransferQueue$DualNode.await(LinkedTransferQueue.java:452)
	at java.base@25.0.2/java.util.concurrent.SynchronousQueue$Transferer.xferLifo(SynchronousQueue.java:194)
	at java.base@25.0.2/java.util.concurrent.SynchronousQueue.xfer(SynchronousQueue.java:235)
	at java.base@25.0.2/java.util.concurrent.SynchronousQueue.poll(SynchronousQueue.java:338)
	at java.base@25.0.2/java.util.concurrent.ThreadPoolExecutor.getTask(ThreadPoolExecutor.java:1015)
	at java.base@25.0.2/java.util.concurrent.ThreadPoolExecutor.runWorker(ThreadPoolExecutor.java:1076)
	...


"IO-Worker-25" prio=5 Id=81 TIMED_WAITING on java.util.concurrent.SynchronousQueue$Transferer@19a198d3
	at java.base@25.0.2/jdk.internal.misc.Unsafe.park(Native Method)
	-  waiting on java.util.concurrent.SynchronousQueue$Transferer@19a198d3
	at java.base@25.0.2/java.util.concurrent.locks.LockSupport.parkNanos(LockSupport.java:408)
	at java.base@25.0.2/java.util.concurrent.LinkedTransferQueue$DualNode.await(LinkedTransferQueue.java:452)
	at java.base@25.0.2/java.util.concurrent.SynchronousQueue$Transferer.xferLifo(SynchronousQueue.java:194)
	at java.base@25.0.2/java.util.concurrent.SynchronousQueue.xfer(SynchronousQueue.java:235)
	at java.base@25.0.2/java.util.concurrent.SynchronousQueue.poll(SynchronousQueue.java:338)
	at java.base@25.0.2/java.util.concurrent.ThreadPoolExecutor.getTask(ThreadPoolExecutor.java:1015)
	at java.base@25.0.2/java.util.concurrent.ThreadPoolExecutor.runWorker(ThreadPoolExecutor.java:1076)
	...


"IO-Worker-26" prio=5 Id=82 TIMED_WAITING on java.util.concurrent.SynchronousQueue$Transferer@19a198d3
	at java.base@25.0.2/jdk.internal.misc.Unsafe.park(Native Method)
	-  waiting on java.util.concurrent.SynchronousQueue$Transferer@19a198d3
	at java.base@25.0.2/java.util.concurrent.locks.LockSupport.parkNanos(LockSupport.java:408)
	at java.base@25.0.2/java.util.concurrent.LinkedTransferQueue$DualNode.await(LinkedTransferQueue.java:452)
	at java.base@25.0.2/java.util.concurrent.SynchronousQueue$Transferer.xferLifo(SynchronousQueue.java:194)
	at java.base@25.0.2/java.util.concurrent.SynchronousQueue.xfer(SynchronousQueue.java:235)
	at java.base@25.0.2/java.util.concurrent.SynchronousQueue.poll(SynchronousQueue.java:338)
	at java.base@25.0.2/java.util.concurrent.ThreadPoolExecutor.getTask(ThreadPoolExecutor.java:1015)
	at java.base@25.0.2/java.util.concurrent.ThreadPoolExecutor.runWorker(ThreadPoolExecutor.java:1076)
	...


"Netty Epoll IO #5" daemon prio=5 Id=83 RUNNABLE
	at knot//io.netty.channel.epoll.Native.epollWait0(Native Method)
	at knot//io.netty.channel.epoll.Native.epollWait(Native.java:193)
	at knot//io.netty.channel.epoll.EpollIoHandler.epollWait(EpollIoHandler.java:373)
	at knot//io.netty.channel.epoll.EpollIoHandler.run(EpollIoHandler.java:439)
	at knot//io.netty.channel.SingleThreadIoEventLoop.runIo(SingleThreadIoEventLoop.java:225)
	at knot//io.netty.channel.SingleThreadIoEventLoop.run(SingleThreadIoEventLoop.java:196)
	at knot//io.netty.util.concurrent.SingleThreadEventExecutor$5.run(SingleThreadEventExecutor.java:1193)
	at knot//io.netty.util.internal.ThreadExecutorMap$2.run(ThreadExecutorMap.java:74)
	...

	Number of locked synchronizers = 1
	- java.util.concurrent.locks.ReentrantLock$NonfairSync@57c66de3



Stacktrace:
	at knot//net.minecraft.class_3178.method_61256(class_3178.java:90)
	at knot//net.minecraft.class_3178.run(class_3178.java:47)
	at java.base/java.lang.Thread.run(Thread.java:1474)

-- Performance stats --
Details:
	Random tick rate: 3
	Level stats: minecraft:overworld: players: 1, entities: 282,282,137,1229,1229,0,0 [minecraft:rabbit:69,minecraft:polar_bear:32,minecraft:creeper:27,minecraft:salmon:22,minecraft:zombie:20], block_entities: 142 [minecraft:mob_spawner:63,minecraft:vault:42,minecraft:trial_spawner:19,minecraft:hopper:8,minecraft:furnace:4], block_ticks: 7822, fluid_ticks: 2538, chunk_source: Chunks[S] W: 3249 E: 282,282,137,1229,1229,0,0,
minecraft:the_nether: players: 0, entities: 0,0,0,0,0,0,0 [], block_entities: 0 [], block_ticks: 0, fluid_ticks: 0, chunk_source: Chunks[S] W: 0 E: 0,0,0,0,0,0,0,
minecraft:the_end: players: 0, entities: 0,0,0,0,0,0,0 [], block_entities: 0 [], block_ticks: 0, fluid_ticks: 0, chunk_source: Chunks[S] W: 0 E: 0,0,0,0,0,0,0

-- System Details --
Details:
	Minecraft Version: 1.21.11
	Minecraft Version ID: 1.21.11
	Operating System: Linux (amd64) version 6.8.0-1044-azure
	Java Version: 25.0.2, Microsoft
	Java VM Version: OpenJDK 64-Bit Server VM (mixed mode, sharing), Microsoft
	Memory: 101403720 bytes (96 MiB) / 1073741824 bytes (1024 MiB) up to 1073741824 bytes (1024 MiB)
	CPUs: 4
	Processor Vendor: AuthenticAMD
	Processor Name: AMD EPYC 7763 64-Core Processor
	Identifier: AuthenticAMD Family 25 Model 1 Stepping 1
	Microarchitecture: Zen 3
	Frequency (GHz): -0.00
	Number of physical packages: 1
	Number of physical CPUs: 2
	Number of logical CPUs: 4
	Graphics card #0 name: unknown
	Graphics card #0 vendor: unknown
	Graphics card #0 VRAM (MiB): 0.00
	Graphics card #0 deviceId: unknown
	Graphics card #0 versionInfo: unknown
	Virtual memory max (MiB): 7997.94
	Virtual memory used (MiB): 3406.86
	Swap memory total (MiB): 0.00
	Swap memory used (MiB): 0.00
	Space in storage for jna.tmpdir (MiB): <path not set>
	Space in storage for org.lwjgl.system.SharedLibraryExtractPath (MiB): <path not set>
	Space in storage for io.netty.native.workdir (MiB): <path not set>
	Space in storage for java.io.tmpdir (MiB): available: 110992.51, total: 120377.56
	Space in storage for workdir (MiB): available: 19674.35, total: 32077.81
	JVM Flags: 1 total; -Xmx1024M
	Debug Flags: 0 total; 
	Server Running: true
	Player Count: 1 / 20; [class_3222['Melody849'/65, l='ServerLevel[world]', x=-2547.42, y=66.00, z=-1360.23]]
	Active Data Packs: vanilla
	Available Data Packs: minecart_improvements, redstone_experiments, trade_rebalance, vanilla
	Enabled Feature Flags: minecraft:vanilla
	World Generation: Stable
	World Seed: 9181861359392788916
	Suppressed Exceptions: ~~NONE~~
	Is Modded: Definitely; Server brand changed to 'fabric'
	Type: Dedicated Server (map_server.txt)
[21:40:45] [Server Watchdog/ERROR]: This crash report has been saved to: /workspaces/GSP-GITHUB-SERVER-PROJECT/minecraft-server/minecraft-server/serverfiles/crash-reports/crash-2026-05-20_21.40.45-server.txt
[21:40:45] [Server thread/INFO]: Stopping server
