Starting net.fabricmc.loader.impl.game.minecraft.BundlerClassPathCapture
[20:35:43] [main/INFO]: Loading Minecraft 1.21.11 with Fabric Loader 0.19.2
[20:35:43] [main/INFO]: Loading 4 mods:
	- fabricloader 0.19.2
	   \-- mixinextras 0.5.4
	- java 25
	- minecraft 1.21.11
[20:35:44] [main/INFO]: SpongePowered MIXIN Subsystem Version=0.8.7 Source=file:/workspaces/GSP-GITHUB-SERVER-PROJECT/minecraft-server/minecraft-server/serverfiles/libraries/net/fabricmc/sponge-mixin/0.17.2+mixin.0.8.7/sponge-mixin-0.17.2+mixin.0.8.7.jar Service=Knot/Fabric Env=SERVER
WARNING: A terminally deprecated method in sun.misc.Unsafe has been called
WARNING: sun.misc.Unsafe::objectFieldOffset has been called by org.joml.MemUtil$MemUtilUnsafe (file:/workspaces/GSP-GITHUB-SERVER-PROJECT/minecraft-server/minecraft-server/serverfiles/libraries/org/joml/joml/1.10.8/joml-1.10.8.jar)
WARNING: Please consider reporting this to the maintainers of class org.joml.MemUtil$MemUtilUnsafe
WARNING: sun.misc.Unsafe::objectFieldOffset will be removed in a future release
[20:35:51] [main/INFO]: Environment: Environment[sessionHost=https://sessionserver.mojang.com, servicesHost=https://api.minecraftservices.com, profilesHost=https://api.mojang.com, name=PROD]
[20:35:53] [main/INFO]: Loaded 1470 recipes
[20:35:53] [main/INFO]: Loaded 1584 advancements
[20:35:53] [Server thread/INFO]: Starting minecraft server version 1.21.11
[20:35:53] [Server thread/INFO]: Loading properties
[20:35:53] [Server thread/INFO]: Default game type: SURVIVAL
[20:35:53] [Server thread/INFO]: Generating keypair
[20:35:53] [Server thread/INFO]: Starting Minecraft server on *:25565
[20:35:53] [Server thread/WARN]: **** SERVER IS RUNNING IN OFFLINE/INSECURE MODE!
[20:35:53] [Server thread/WARN]: The server will make no attempt to authenticate usernames. Beware.
[20:35:53] [Server thread/WARN]: While this makes the game possible to play without internet access, it also opens up the ability for hackers to connect with any username they choose.
[20:35:53] [Server thread/WARN]: To change this, set "online-mode" to "true" in the server.properties file.
[20:35:53] [Server thread/INFO]: Preparing level "world"
[20:35:53] [Server thread/INFO]: Loading 0 persistent chunks...
[20:35:53] [Server thread/INFO]: Preparing spawn area: 100%
[20:35:53] [Server thread/INFO]: Time elapsed: 14 ms
[20:35:53] [Server thread/INFO]: Done (0.344s)! For help, type "help"
[20:35:53] [Server thread/INFO]: Starting GS4 status listener
[20:35:53] [Server thread/INFO]: Thread Query Listener started
[20:35:53] [Query Listener #1/INFO]: Query running on 0.0.0.0:25565
[20:36:53] [Server thread/INFO]: Server empty for 60 seconds, pausing
[20:37:39] [Server thread/INFO]: JosaYT123[/127.240.152.246:51385] logged in with entity id 10 at (-982.3000000119209, 68.0, -221.562107369479)
[20:37:39] [Server thread/INFO]: JosaYT123 joined the game
[20:38:06] [Server thread/INFO]: Melody849[/127.60.148.33:44243] logged in with entity id 494 at (-2202.699999988079, 94.0, 99.7074591343249)
[20:38:06] [Server thread/INFO]: Melody849 joined the game
[20:38:34] [Server thread/INFO]: [Not Secure] <JosaYT123> venite
[20:38:42] [Server thread/INFO]: [Not Secure] <Melody849> aca hay mina xd
[20:39:54] [Server thread/WARN]: Can't keep up! Is the server overloaded? Running 2311ms or 46 ticks behind
[20:40:14] [Server thread/WARN]: Can't keep up! Is the server overloaded? Running 4868ms or 97 ticks behind
[20:40:31] [Server thread/WARN]: Melody849 moved too quickly! -2.5616712566220485,0.17675927506424216,9.711407147660793
[20:40:32] [Server thread/WARN]: Melody849 moved too quickly! -2.2954377097257748,-0.2119560347017142,9.813128975013683
[20:40:32] [Server thread/WARN]: JosaYT123 moved too quickly! -9.70650575319712,1.0,-2.836861203071294
[20:40:52] [Server thread/WARN]: JosaYT123 moved too quickly! -0.002713214126742969,0.604424101326714,10.119218183940262
[20:40:54] [Server thread/WARN]: JosaYT123 moved too quickly! -3.44722664002245,-2.756759288177264,9.158294937578887
[20:40:56] [Server thread/WARN]: JosaYT123 moved too quickly! -5.708250185542056,-1.0784000015258783,8.273926017776716
[20:41:24] [Server Watchdog/ERROR]: A single server tick took 60.35 seconds (should be max 0.05)
[20:41:24] [Server Watchdog/ERROR]: Considering it to be crashed, server will forcibly shutdown.
Crash report:
---- Minecraft Crash Report ----
// Ouch. That hurt :(

Time: 2026-05-20 20:41:31
Description: Watching Server

java.lang.Error: Watchdog
	at knot//net.minecraft.class_2841.method_12331(class_2841.java:151)
	at knot//net.minecraft.class_2841.method_12321(class_2841.java:145)
	at knot//net.minecraft.class_2826.method_12254(class_2826.java:47)
	at knot//net.minecraft.class_2818.method_8320(class_2818.java:217)
	at knot//net.minecraft.class_1948.method_24930(class_1948.java:238)
	at knot//net.minecraft.class_1948.method_8663(class_1948.java:225)
	at knot//net.minecraft.class_1948.method_27821(class_1948.java:213)
	at knot//net.minecraft.class_3215.method_67502(class_3215.java:420)
	at knot//net.minecraft.class_3215.method_61265(class_3215.java:394)
	at knot//net.minecraft.class_3215.method_14161(class_3215.java:344)
	at knot//net.minecraft.class_3215.method_12127(class_3215.java:321)
	at knot//net.minecraft.class_3218.method_18765(class_3218.java:379)
	at knot//net.minecraft.server.MinecraftServer.method_3813(MinecraftServer.java:1145)
	at knot//net.minecraft.server.MinecraftServer.method_3748(MinecraftServer.java:1016)
	at knot//net.minecraft.class_3176.method_3748(class_3176.java:318)
	at knot//net.minecraft.server.MinecraftServer.method_76677(MinecraftServer.java:1049)
	at knot//net.minecraft.server.MinecraftServer.method_29741(MinecraftServer.java:771)
	at knot//net.minecraft.server.MinecraftServer.method_29739(MinecraftServer.java:301)
	at knot//net.minecraft.server.MinecraftServer$$Lambda/0x000000003ae42058.run(Unknown Source)
	at java.base@25.0.2/java.lang.Thread.runWith(Thread.java:1487)
	at java.base@25.0.2/java.lang.Thread.run(Thread.java:1474)


A detailed walkthrough of the error, its code path and all known details is as follows:
---------------------------------------------------------------------------------------

-- Head --
Thread: Server Watchdog
Stacktrace:
	at knot//net.minecraft.class_2841.method_12331(class_2841.java:151)
	at knot//net.minecraft.class_2841.method_12321(class_2841.java:145)
	at knot//net.minecraft.class_2826.method_12254(class_2826.java:47)
	at knot//net.minecraft.class_2818.method_8320(class_2818.java:217)
	at knot//net.minecraft.class_1948.method_24930(class_1948.java:238)
	at knot//net.minecraft.class_1948.method_8663(class_1948.java:225)
	at knot//net.minecraft.class_1948.method_27821(class_1948.java:213)
	at knot//net.minecraft.class_3215.method_67502(class_3215.java:420)
	at knot//net.minecraft.class_3215.method_61265(class_3215.java:394)
	at knot//net.minecraft.class_3215.method_14161(class_3215.java:344)
	at knot//net.minecraft.class_3215.method_12127(class_3215.java:321)
	at knot//net.minecraft.class_3218.method_18765(class_3218.java:379)
	at knot//net.minecraft.server.MinecraftServer.method_3813(MinecraftServer.java:1145)
	at knot//net.minecraft.server.MinecraftServer.method_3748(MinecraftServer.java:1016)
	at knot//net.minecraft.class_3176.method_3748(class_3176.java:318)
	at knot//net.minecraft.server.MinecraftServer.method_76677(MinecraftServer.java:1049)
	at knot//net.minecraft.server.MinecraftServer.method_29741(MinecraftServer.java:771)
	at knot//net.minecraft.server.MinecraftServer.method_29739(MinecraftServer.java:301)

-- Thread Dump --
Details:
	Threads: "Reference Handler" daemon prio=10 Id=13 RUNNABLE
	at java.base@25.0.2/java.lang.ref.Reference.waitForReferencePendingList(Native Method)
	at java.base@25.0.2/java.lang.ref.Reference.processPendingReferences(Reference.java:246)
	at java.base@25.0.2/java.lang.ref.Reference$ReferenceHandler.run(Reference.java:208)


"Finalizer" daemon prio=8 Id=14 WAITING on java.lang.ref.ReferenceQueue$Lock@696d7666
	at java.base@25.0.2/java.lang.Object.wait0(Native Method)
	-  waiting on java.lang.ref.ReferenceQueue$Lock@696d7666
	at java.base@25.0.2/java.lang.Object.wait(Object.java:389)
	at java.base@25.0.2/java.lang.Object.wait(Object.java:351)
	at java.base@25.0.2/java.lang.ref.ReferenceQueue.remove0(ReferenceQueue.java:137)
	at java.base@25.0.2/java.lang.ref.ReferenceQueue.remove(ReferenceQueue.java:215)
	at java.base@25.0.2/java.lang.ref.Finalizer$FinalizerThread.run(Finalizer.java:165)


"Signal Dispatcher" daemon prio=9 Id=15 RUNNABLE


"Notification Thread" daemon prio=9 Id=21 RUNNABLE


"Common-Cleaner" daemon prio=8 Id=22 TIMED_WAITING on java.lang.ref.ReferenceQueue$Lock@6f7f6e65
	at java.base@25.0.2/java.lang.Object.wait0(Native Method)
	-  waiting on java.lang.ref.ReferenceQueue$Lock@6f7f6e65
	at java.base@25.0.2/java.lang.Object.wait(Object.java:389)
	at java.base@25.0.2/java.lang.ref.ReferenceQueue.remove0(ReferenceQueue.java:123)
	at java.base@25.0.2/java.lang.ref.ReferenceQueue.remove(ReferenceQueue.java:201)
	at java.base@25.0.2/jdk.internal.ref.CleanerImpl.run(CleanerImpl.java:146)
	at java.base@25.0.2/java.lang.Thread.runWith(Thread.java:1487)
	at java.base@25.0.2/java.lang.Thread.run(Thread.java:1474)
	at java.base@25.0.2/jdk.internal.misc.InnocuousThread.run(InnocuousThread.java:148)


"JNA Cleaner" daemon prio=5 Id=34 TIMED_WAITING on java.lang.ref.ReferenceQueue$Lock@6d23ebaa
	at java.base@25.0.2/java.lang.Object.wait0(Native Method)
	-  waiting on java.lang.ref.ReferenceQueue$Lock@6d23ebaa
	at java.base@25.0.2/java.lang.Object.wait(Object.java:389)
	at java.base@25.0.2/java.lang.ref.ReferenceQueue.remove0(ReferenceQueue.java:123)
	at java.base@25.0.2/java.lang.ref.ReferenceQueue.remove(ReferenceQueue.java:201)
	at knot//com.sun.jna.internal.Cleaner$CleanerThread.run(Cleaner.java:154)


"Timer hack thread" daemon prio=5 Id=35 TIMED_WAITING
	at java.base@25.0.2/java.lang.Thread.sleepNanos0(Native Method)
	at java.base@25.0.2/java.lang.Thread.sleepNanos(Thread.java:509)
	at java.base@25.0.2/java.lang.Thread.sleep(Thread.java:540)
	at knot//net.minecraft.class_156$11.run(class_156.java:990)


"Yggdrasil Key Fetcher" daemon prio=5 Id=36 TIMED_WAITING on java.util.concurrent.locks.AbstractQueuedSynchronizer$ConditionObject@2fd62356
	at java.base@25.0.2/jdk.internal.misc.Unsafe.park(Native Method)
	-  waiting on java.util.concurrent.locks.AbstractQueuedSynchronizer$ConditionObject@2fd62356
	at java.base@25.0.2/java.util.concurrent.locks.LockSupport.parkNanos(LockSupport.java:271)
	at java.base@25.0.2/java.util.concurrent.locks.AbstractQueuedSynchronizer$ConditionObject.awaitNanos(AbstractQueuedSynchronizer.java:1803)
	at java.base@25.0.2/java.util.concurrent.ScheduledThreadPoolExecutor$DelayedWorkQueue.take(ScheduledThreadPoolExecutor.java:1166)
	at java.base@25.0.2/java.util.concurrent.ScheduledThreadPoolExecutor$DelayedWorkQueue.take(ScheduledThreadPoolExecutor.java:883)
	at java.base@25.0.2/java.util.concurrent.ThreadPoolExecutor.getTask(ThreadPoolExecutor.java:1016)
	at java.base@25.0.2/java.util.concurrent.ThreadPoolExecutor.runWorker(ThreadPoolExecutor.java:1076)
	at java.base@25.0.2/java.util.concurrent.ThreadPoolExecutor$Worker.run(ThreadPoolExecutor.java:614)
	...


"Server thread" prio=5 Id=42 RUNNABLE
	at knot//net.minecraft.class_2841.method_12331(class_2841.java:151)
	at knot//net.minecraft.class_2841.method_12321(class_2841.java:145)
	at knot//net.minecraft.class_2826.method_12254(class_2826.java:47)
	at knot//net.minecraft.class_2818.method_8320(class_2818.java:217)
	at knot//net.minecraft.class_1948.method_24930(class_1948.java:238)
	at knot//net.minecraft.class_1948.method_8663(class_1948.java:225)
	at knot//net.minecraft.class_1948.method_27821(class_1948.java:213)
	at knot//net.minecraft.class_3215.method_67502(class_3215.java:420)
	...


"Server console handler" daemon prio=5 Id=44 RUNNABLE (in native)
	at java.base@25.0.2/java.io.FileInputStream.readBytes(Native Method)
	at java.base@25.0.2/java.io.FileInputStream.read(FileInputStream.java:281)
	at java.base@25.0.2/java.lang.System$In.read(System.java:1871)
	at java.base@25.0.2/java.io.BufferedInputStream.read1(BufferedInputStream.java:328)
	at java.base@25.0.2/java.io.BufferedInputStream.read(BufferedInputStream.java:388)
	-  locked java.io.BufferedInputStream@4785c5a
	at java.base@25.0.2/sun.nio.cs.StreamDecoder.readBytes(StreamDecoder.java:279)
	at java.base@25.0.2/sun.nio.cs.StreamDecoder.implRead(StreamDecoder.java:322)
	at java.base@25.0.2/sun.nio.cs.StreamDecoder.read(StreamDecoder.java:186)
	-  locked java.io.InputStreamReader@626cd1eb
	...


"DestroyJavaVM" prio=5 Id=46 RUNNABLE


"Netty Epoll IO #0" daemon prio=5 Id=47 RUNNABLE (in native)
	at knot//io.netty.channel.epoll.Native.epollWait0(Native Method)
	at knot//io.netty.channel.epoll.Native.epollWait(Native.java:193)
	at knot//io.netty.channel.epoll.EpollIoHandler.epollWait(EpollIoHandler.java:373)
	at knot//io.netty.channel.epoll.EpollIoHandler.run(EpollIoHandler.java:439)
	at knot//io.netty.channel.SingleThreadIoEventLoop.runIo(SingleThreadIoEventLoop.java:225)
	at knot//io.netty.channel.SingleThreadIoEventLoop.run(SingleThreadIoEventLoop.java:196)
	at knot//io.netty.util.concurrent.SingleThreadEventExecutor$5.run(SingleThreadEventExecutor.java:1193)
	at knot//io.netty.util.internal.ThreadExecutorMap$2.run(ThreadExecutorMap.java:74)
	...

	Number of locked synchronizers = 1
	- java.util.concurrent.locks.ReentrantLock$NonfairSync@7c3e8263


"Query Listener #1" prio=5 Id=48 RUNNABLE (in native)
	at java.base@25.0.2/sun.nio.ch.Net.poll(Native Method)
	at java.base@25.0.2/sun.nio.ch.DatagramChannelImpl.park(DatagramChannelImpl.java:496)
	at java.base@25.0.2/sun.nio.ch.DatagramChannelImpl.tryBlockingReceive(DatagramChannelImpl.java:671)
	at java.base@25.0.2/sun.nio.ch.DatagramChannelImpl.blockingReceive(DatagramChannelImpl.java:619)
	at java.base@25.0.2/sun.nio.ch.DatagramSocketAdaptor.receive(DatagramSocketAdaptor.java:193)
	-  locked java.net.DatagramPacket@3a628b32
	at java.base@25.0.2/java.net.DatagramSocket.receive(DatagramSocket.java:638)
	at knot//net.minecraft.class_3364.run(class_3364.java:258)
	at java.base@25.0.2/java.lang.Thread.runWith(Thread.java:1487)
	...

	Number of locked synchronizers = 1
	- java.util.concurrent.locks.ReentrantLock$NonfairSync@2aa5fd2e


"Server Watchdog" daemon prio=5 Id=49 RUNNABLE
	at java.management@25.0.2/sun.management.ThreadImpl.dumpThreads0(Native Method)
	at java.management@25.0.2/sun.management.ThreadImpl.dumpAllThreads(ThreadImpl.java:505)
	at java.management@25.0.2/sun.management.ThreadImpl.dumpAllThreads(ThreadImpl.java:493)
	at knot//net.minecraft.class_3178.method_61256(class_3178.java:75)
	at knot//net.minecraft.class_3178.run(class_3178.java:47)
	at java.base@25.0.2/java.lang.Thread.runWith(Thread.java:1487)
	at java.base@25.0.2/java.lang.Thread.run(Thread.java:1474)


"IO-Worker-4" prio=5 Id=53 TIMED_WAITING on java.util.concurrent.SynchronousQueue$Transferer@2e429218
	at java.base@25.0.2/jdk.internal.misc.Unsafe.park(Native Method)
	-  waiting on java.util.concurrent.SynchronousQueue$Transferer@2e429218
	at java.base@25.0.2/java.util.concurrent.locks.LockSupport.parkNanos(LockSupport.java:408)
	at java.base@25.0.2/java.util.concurrent.LinkedTransferQueue$DualNode.await(LinkedTransferQueue.java:452)
	at java.base@25.0.2/java.util.concurrent.SynchronousQueue$Transferer.xferLifo(SynchronousQueue.java:194)
	at java.base@25.0.2/java.util.concurrent.SynchronousQueue.xfer(SynchronousQueue.java:235)
	at java.base@25.0.2/java.util.concurrent.SynchronousQueue.poll(SynchronousQueue.java:338)
	at java.base@25.0.2/java.util.concurrent.ThreadPoolExecutor.getTask(ThreadPoolExecutor.java:1015)
	at java.base@25.0.2/java.util.concurrent.ThreadPoolExecutor.runWorker(ThreadPoolExecutor.java:1076)
	...


"IO-Worker-5" prio=5 Id=54 TIMED_WAITING on java.util.concurrent.SynchronousQueue$Transferer@2e429218
	at java.base@25.0.2/jdk.internal.misc.Unsafe.park(Native Method)
	-  waiting on java.util.concurrent.SynchronousQueue$Transferer@2e429218
	at java.base@25.0.2/java.util.concurrent.locks.LockSupport.parkNanos(LockSupport.java:408)
	at java.base@25.0.2/java.util.concurrent.LinkedTransferQueue$DualNode.await(LinkedTransferQueue.java:452)
	at java.base@25.0.2/java.util.concurrent.SynchronousQueue$Transferer.xferLifo(SynchronousQueue.java:194)
	at java.base@25.0.2/java.util.concurrent.SynchronousQueue.xfer(SynchronousQueue.java:235)
	at java.base@25.0.2/java.util.concurrent.SynchronousQueue.poll(SynchronousQueue.java:338)
	at java.base@25.0.2/java.util.concurrent.ThreadPoolExecutor.getTask(ThreadPoolExecutor.java:1015)
	at java.base@25.0.2/java.util.concurrent.ThreadPoolExecutor.runWorker(ThreadPoolExecutor.java:1076)
	...


"IO-Worker-6" prio=5 Id=55 TIMED_WAITING on java.util.concurrent.SynchronousQueue$Transferer@2e429218
	at java.base@25.0.2/jdk.internal.misc.Unsafe.park(Native Method)
	-  waiting on java.util.concurrent.SynchronousQueue$Transferer@2e429218
	at java.base@25.0.2/java.util.concurrent.locks.LockSupport.parkNanos(LockSupport.java:408)
	at java.base@25.0.2/java.util.concurrent.LinkedTransferQueue$DualNode.await(LinkedTransferQueue.java:452)
	at java.base@25.0.2/java.util.concurrent.SynchronousQueue$Transferer.xferLifo(SynchronousQueue.java:194)
	at java.base@25.0.2/java.util.concurrent.SynchronousQueue.xfer(SynchronousQueue.java:235)
	at java.base@25.0.2/java.util.concurrent.SynchronousQueue.poll(SynchronousQueue.java:338)
	at java.base@25.0.2/java.util.concurrent.ThreadPoolExecutor.getTask(ThreadPoolExecutor.java:1015)
	at java.base@25.0.2/java.util.concurrent.ThreadPoolExecutor.runWorker(ThreadPoolExecutor.java:1076)
	...


"IO-Worker-7" prio=5 Id=56 TIMED_WAITING on java.util.concurrent.SynchronousQueue$Transferer@2e429218
	at java.base@25.0.2/jdk.internal.misc.Unsafe.park(Native Method)
	-  waiting on java.util.concurrent.SynchronousQueue$Transferer@2e429218
	at java.base@25.0.2/java.util.concurrent.locks.LockSupport.parkNanos(LockSupport.java:408)
	at java.base@25.0.2/java.util.concurrent.LinkedTransferQueue$DualNode.await(LinkedTransferQueue.java:452)
	at java.base@25.0.2/java.util.concurrent.SynchronousQueue$Transferer.xferLifo(SynchronousQueue.java:194)
	at java.base@25.0.2/java.util.concurrent.SynchronousQueue.xfer(SynchronousQueue.java:235)
	at java.base@25.0.2/java.util.concurrent.SynchronousQueue.poll(SynchronousQueue.java:338)
	at java.base@25.0.2/java.util.concurrent.ThreadPoolExecutor.getTask(ThreadPoolExecutor.java:1015)
	at java.base@25.0.2/java.util.concurrent.ThreadPoolExecutor.runWorker(ThreadPoolExecutor.java:1076)
	...


"IO-Worker-8" prio=5 Id=57 TIMED_WAITING on java.util.concurrent.SynchronousQueue$Transferer@2e429218
	at java.base@25.0.2/jdk.internal.misc.Unsafe.park(Native Method)
	-  waiting on java.util.concurrent.SynchronousQueue$Transferer@2e429218
	at java.base@25.0.2/java.util.concurrent.locks.LockSupport.parkNanos(LockSupport.java:408)
	at java.base@25.0.2/java.util.concurrent.LinkedTransferQueue$DualNode.await(LinkedTransferQueue.java:452)
	at java.base@25.0.2/java.util.concurrent.SynchronousQueue$Transferer.xferLifo(SynchronousQueue.java:194)
	at java.base@25.0.2/java.util.concurrent.SynchronousQueue.xfer(SynchronousQueue.java:235)
	at java.base@25.0.2/java.util.concurrent.SynchronousQueue.poll(SynchronousQueue.java:338)
	at java.base@25.0.2/java.util.concurrent.ThreadPoolExecutor.getTask(ThreadPoolExecutor.java:1015)
	at java.base@25.0.2/java.util.concurrent.ThreadPoolExecutor.runWorker(ThreadPoolExecutor.java:1076)
	...


"IO-Worker-9" prio=5 Id=58 TIMED_WAITING on java.util.concurrent.SynchronousQueue$Transferer@2e429218
	at java.base@25.0.2/jdk.internal.misc.Unsafe.park(Native Method)
	-  waiting on java.util.concurrent.SynchronousQueue$Transferer@2e429218
	at java.base@25.0.2/java.util.concurrent.locks.LockSupport.parkNanos(LockSupport.java:408)
	at java.base@25.0.2/java.util.concurrent.LinkedTransferQueue$DualNode.await(LinkedTransferQueue.java:452)
	at java.base@25.0.2/java.util.concurrent.SynchronousQueue$Transferer.xferLifo(SynchronousQueue.java:194)
	at java.base@25.0.2/java.util.concurrent.SynchronousQueue.xfer(SynchronousQueue.java:235)
	at java.base@25.0.2/java.util.concurrent.SynchronousQueue.poll(SynchronousQueue.java:338)
	at java.base@25.0.2/java.util.concurrent.ThreadPoolExecutor.getTask(ThreadPoolExecutor.java:1015)
	at java.base@25.0.2/java.util.concurrent.ThreadPoolExecutor.runWorker(ThreadPoolExecutor.java:1076)
	...


"Netty Epoll IO #1" daemon prio=5 Id=59 RUNNABLE (in native)
	at knot//io.netty.channel.epoll.Native.epollWait0(Native Method)
	at knot//io.netty.channel.epoll.Native.epollWait(Native.java:193)
	at knot//io.netty.channel.epoll.EpollIoHandler.epollWait(EpollIoHandler.java:373)
	at knot//io.netty.channel.epoll.EpollIoHandler.run(EpollIoHandler.java:439)
	at knot//io.netty.channel.SingleThreadIoEventLoop.runIo(SingleThreadIoEventLoop.java:225)
	at knot//io.netty.channel.SingleThreadIoEventLoop.run(SingleThreadIoEventLoop.java:196)
	at knot//io.netty.util.concurrent.SingleThreadEventExecutor$5.run(SingleThreadEventExecutor.java:1193)
	at knot//io.netty.util.internal.ThreadExecutorMap$2.run(ThreadExecutorMap.java:74)
	...

	Number of locked synchronizers = 1
	- java.util.concurrent.locks.ReentrantLock$NonfairSync@26672029


"Netty Epoll IO #2" daemon prio=5 Id=60 RUNNABLE
	at knot//io.netty.channel.epoll.Native.epollWait0(Native Method)
	at knot//io.netty.channel.epoll.Native.epollWait(Native.java:193)
	at knot//io.netty.channel.epoll.EpollIoHandler.epollWait(EpollIoHandler.java:373)
	at knot//io.netty.channel.epoll.EpollIoHandler.run(EpollIoHandler.java:439)
	at knot//io.netty.channel.SingleThreadIoEventLoop.runIo(SingleThreadIoEventLoop.java:225)
	at knot//io.netty.channel.SingleThreadIoEventLoop.run(SingleThreadIoEventLoop.java:196)
	at knot//io.netty.util.concurrent.SingleThreadEventExecutor$5.run(SingleThreadEventExecutor.java:1193)
	at knot//io.netty.util.internal.ThreadExecutorMap$2.run(ThreadExecutorMap.java:74)
	...

	Number of locked synchronizers = 1
	- java.util.concurrent.locks.ReentrantLock$NonfairSync@87204cc


"Worker-Main-4" daemon prio=5 Id=61 TIMED_WAITING on java.util.concurrent.ForkJoinPool@d3bc461
	at java.base@25.0.2/jdk.internal.misc.Unsafe.park(Native Method)
	-  waiting on java.util.concurrent.ForkJoinPool@d3bc461
	at java.base@25.0.2/java.util.concurrent.ForkJoinPool.awaitWork(ForkJoinPool.java:2109)
	at java.base@25.0.2/java.util.concurrent.ForkJoinPool.deactivate(ForkJoinPool.java:2063)
	at java.base@25.0.2/java.util.concurrent.ForkJoinPool.runWorker(ForkJoinPool.java:2027)
	at java.base@25.0.2/java.util.concurrent.ForkJoinWorkerThread.run(ForkJoinWorkerThread.java:187)


"Worker-Main-5" daemon prio=5 Id=62 WAITING on java.util.concurrent.ForkJoinPool@d3bc461
	at java.base@25.0.2/jdk.internal.misc.Unsafe.park(Native Method)
	-  waiting on java.util.concurrent.ForkJoinPool@d3bc461
	at java.base@25.0.2/java.util.concurrent.ForkJoinPool.awaitWork(ForkJoinPool.java:2109)
	at java.base@25.0.2/java.util.concurrent.ForkJoinPool.deactivate(ForkJoinPool.java:2063)
	at java.base@25.0.2/java.util.concurrent.ForkJoinPool.runWorker(ForkJoinPool.java:2027)
	at java.base@25.0.2/java.util.concurrent.ForkJoinWorkerThread.run(ForkJoinWorkerThread.java:187)


"Worker-Main-6" daemon prio=5 Id=63 WAITING on java.util.concurrent.ForkJoinPool@d3bc461
	at java.base@25.0.2/jdk.internal.misc.Unsafe.park(Native Method)
	-  waiting on java.util.concurrent.ForkJoinPool@d3bc461
	at java.base@25.0.2/java.util.concurrent.ForkJoinPool.awaitWork(ForkJoinPool.java:2109)
	at java.base@25.0.2/java.util.concurrent.ForkJoinPool.deactivate(ForkJoinPool.java:2063)
	at java.base@25.0.2/java.util.concurrent.ForkJoinPool.runWorker(ForkJoinPool.java:2027)
	at java.base@25.0.2/java.util.concurrent.ForkJoinWorkerThread.run(ForkJoinWorkerThread.java:187)


"Netty Epoll IO #3" daemon prio=5 Id=64 RUNNABLE (in native)
	at knot//io.netty.channel.epoll.Native.epollWait0(Native Method)
	at knot//io.netty.channel.epoll.Native.epollWait(Native.java:193)
	at knot//io.netty.channel.epoll.EpollIoHandler.epollWait(EpollIoHandler.java:373)
	at knot//io.netty.channel.epoll.EpollIoHandler.run(EpollIoHandler.java:439)
	at knot//io.netty.channel.SingleThreadIoEventLoop.runIo(SingleThreadIoEventLoop.java:225)
	at knot//io.netty.channel.SingleThreadIoEventLoop.run(SingleThreadIoEventLoop.java:196)
	at knot//io.netty.util.concurrent.SingleThreadEventExecutor$5.run(SingleThreadEventExecutor.java:1193)
	at knot//io.netty.util.internal.ThreadExecutorMap$2.run(ThreadExecutorMap.java:74)
	...

	Number of locked synchronizers = 1
	- java.util.concurrent.locks.ReentrantLock$NonfairSync@37d3458c


"IO-Worker-11" prio=5 Id=66 TIMED_WAITING on java.util.concurrent.SynchronousQueue$Transferer@2e429218
	at java.base@25.0.2/jdk.internal.misc.Unsafe.park(Native Method)
	-  waiting on java.util.concurrent.SynchronousQueue$Transferer@2e429218
	at java.base@25.0.2/java.util.concurrent.locks.LockSupport.parkNanos(LockSupport.java:408)
	at java.base@25.0.2/java.util.concurrent.LinkedTransferQueue$DualNode.await(LinkedTransferQueue.java:452)
	at java.base@25.0.2/java.util.concurrent.SynchronousQueue$Transferer.xferLifo(SynchronousQueue.java:194)
	at java.base@25.0.2/java.util.concurrent.SynchronousQueue.xfer(SynchronousQueue.java:235)
	at java.base@25.0.2/java.util.concurrent.SynchronousQueue.poll(SynchronousQueue.java:338)
	at java.base@25.0.2/java.util.concurrent.ThreadPoolExecutor.getTask(ThreadPoolExecutor.java:1015)
	at java.base@25.0.2/java.util.concurrent.ThreadPoolExecutor.runWorker(ThreadPoolExecutor.java:1076)
	...


"Netty Epoll IO #4" daemon prio=5 Id=67 RUNNABLE
	at knot//io.netty.channel.epoll.Native.epollWait0(Native Method)
	at knot//io.netty.channel.epoll.Native.epollWait(Native.java:193)
	at knot//io.netty.channel.epoll.EpollIoHandler.epollWait(EpollIoHandler.java:373)
	at knot//io.netty.channel.epoll.EpollIoHandler.run(EpollIoHandler.java:439)
	at knot//io.netty.channel.SingleThreadIoEventLoop.runIo(SingleThreadIoEventLoop.java:225)
	at knot//io.netty.channel.SingleThreadIoEventLoop.run(SingleThreadIoEventLoop.java:196)
	at knot//io.netty.util.concurrent.SingleThreadEventExecutor$5.run(SingleThreadEventExecutor.java:1193)
	at knot//io.netty.util.internal.ThreadExecutorMap$2.run(ThreadExecutorMap.java:74)
	...

	Number of locked synchronizers = 1
	- java.util.concurrent.locks.ReentrantLock$NonfairSync@28aa4d37


"IO-Worker-12" prio=5 Id=71 TIMED_WAITING on java.util.concurrent.SynchronousQueue$Transferer@2e429218
	at java.base@25.0.2/jdk.internal.misc.Unsafe.park(Native Method)
	-  waiting on java.util.concurrent.SynchronousQueue$Transferer@2e429218
	at java.base@25.0.2/java.util.concurrent.locks.LockSupport.parkNanos(LockSupport.java:408)
	at java.base@25.0.2/java.util.concurrent.LinkedTransferQueue$DualNode.await(LinkedTransferQueue.java:452)
	at java.base@25.0.2/java.util.concurrent.SynchronousQueue$Transferer.xferLifo(SynchronousQueue.java:194)
	at java.base@25.0.2/java.util.concurrent.SynchronousQueue.xfer(SynchronousQueue.java:235)
	at java.base@25.0.2/java.util.concurrent.SynchronousQueue.poll(SynchronousQueue.java:338)
	at java.base@25.0.2/java.util.concurrent.ThreadPoolExecutor.getTask(ThreadPoolExecutor.java:1015)
	at java.base@25.0.2/java.util.concurrent.ThreadPoolExecutor.runWorker(ThreadPoolExecutor.java:1076)
	...



Stacktrace:
	at knot//net.minecraft.class_3178.method_61256(class_3178.java:90)
	at knot//net.minecraft.class_3178.run(class_3178.java:47)
	at java.base/java.lang.Thread.run(Thread.java:1474)

-- Performance stats --
Details:
	Random tick rate: 3
	Level stats: minecraft:overworld: players: 2, entities: 1266,1266,617,8918,8918,1,0 [minecraft:item:158,minecraft:sheep:141,minecraft:chicken:129,minecraft:rabbit:121,minecraft:cow:99], block_entities: 2067 [minecraft:sculk_sensor:965,minecraft:mob_spawner:298,minecraft:sculk_catalyst:240,minecraft:vault:217,minecraft:trial_spawner:145], block_ticks: 788351, fluid_ticks: 29243, chunk_source: Chunks[S] W: 14758 E: 1265,1265,616,8918,8918,1,0,
minecraft:the_nether: players: 0, entities: 0,0,0,0,0,0,0 [], block_entities: 0 [], block_ticks: 0, fluid_ticks: 0, chunk_source: Chunks[S] W: 0 E: 0,0,0,0,0,0,0,
minecraft:the_end: players: 0, entities: 0,0,0,0,0,0,0 [], block_entities: 0 [], block_ticks: 0, fluid_ticks: 0, chunk_source: Chunks[S] W: 0 E: 0,0,0,0,0,0,0

-- System Details --
Details:
	Minecraft Version: 1.21.11
	Minecraft Version ID: 1.21.11
	Operating System: Linux (amd64) version 6.8.0-1044-azure
	Java Version: 25.0.2, Microsoft
	Java VM Version: OpenJDK 64-Bit Server VM (mixed mode, sharing), Microsoft
	Memory: 7843184 bytes (7 MiB) / 1073741824 bytes (1024 MiB) up to 1073741824 bytes (1024 MiB)
	CPUs: 4
	Processor Vendor: AuthenticAMD
	Processor Name: AMD EPYC 7763 64-Core Processor
	Identifier: AuthenticAMD Family 25 Model 1 Stepping 1
	Microarchitecture: Zen 3
	Frequency (GHz): -0.00
	Number of physical packages: 1
	Number of physical CPUs: 2
	Number of logical CPUs: 4
	Graphics card #0 name: unknown
	Graphics card #0 vendor: unknown
	Graphics card #0 VRAM (MiB): 0.00
	Graphics card #0 deviceId: unknown
	Graphics card #0 versionInfo: unknown
	Virtual memory max (MiB): 7997.94
	Virtual memory used (MiB): 3358.55
	Swap memory total (MiB): 0.00
	Swap memory used (MiB): 0.00
	Space in storage for jna.tmpdir (MiB): <path not set>
	Space in storage for org.lwjgl.system.SharedLibraryExtractPath (MiB): <path not set>
	Space in storage for io.netty.native.workdir (MiB): <path not set>
	Space in storage for java.io.tmpdir (MiB): available: 111403.61, total: 120377.56
	Space in storage for workdir (MiB): available: 19718.74, total: 32077.81
	JVM Flags: 1 total; -Xmx1024M
	Debug Flags: 0 total; 
	Server Running: true
	Player Count: 2 / 20; [class_3222['JosaYT123'/10, l='ServerLevel[world]', x=-1039.15, y=64.00, z=-149.26], class_3222['Melody849'/494, l='ServerLevel[world]', x=-2187.96, y=91.00, z=148.70]]
	Active Data Packs: vanilla
	Available Data Packs: minecart_improvements, redstone_experiments, trade_rebalance, vanilla
	Enabled Feature Flags: minecraft:vanilla
	World Generation: Stable
	World Seed: 9181861359392788916
	Suppressed Exceptions: ~~NONE~~
	Is Modded: Definitely; Server brand changed to 'fabric'
	Type: Dedicated Server (map_server.txt)
[20:41:31] [Server Watchdog/ERROR]: This crash report has been saved to: /workspaces/GSP-GITHUB-SERVER-PROJECT/minecraft-server/minecraft-server/serverfiles/crash-reports/crash-2026-05-20_20.41.31-server.txt
