Starting net.fabricmc.loader.impl.game.minecraft.BundlerClassPathCapture
[04:16:02] [main/INFO]: Loading Minecraft 1.21.11 with Fabric Loader 0.19.2
[04:16:02] [main/INFO]: Loading 4 mods:
	- fabricloader 0.19.2
	   \-- mixinextras 0.5.4
	- java 25
	- minecraft 1.21.11
[04:16:02] [main/INFO]: SpongePowered MIXIN Subsystem Version=0.8.7 Source=file:/workspaces/GSP-GITHUB-SERVER-PROJECT/minecraft-server/minecraft-server/serverfiles/libraries/net/fabricmc/sponge-mixin/0.17.2+mixin.0.8.7/sponge-mixin-0.17.2+mixin.0.8.7.jar Service=Knot/Fabric Env=SERVER
WARNING: A terminally deprecated method in sun.misc.Unsafe has been called
WARNING: sun.misc.Unsafe::objectFieldOffset has been called by org.joml.MemUtil$MemUtilUnsafe (file:/workspaces/GSP-GITHUB-SERVER-PROJECT/minecraft-server/minecraft-server/serverfiles/libraries/org/joml/joml/1.10.8/joml-1.10.8.jar)
WARNING: Please consider reporting this to the maintainers of class org.joml.MemUtil$MemUtilUnsafe
WARNING: sun.misc.Unsafe::objectFieldOffset will be removed in a future release
[04:16:10] [main/INFO]: Environment: Environment[sessionHost=https://sessionserver.mojang.com, servicesHost=https://api.minecraftservices.com, profilesHost=https://api.mojang.com, name=PROD]
[04:16:13] [main/INFO]: Loaded 1470 recipes
[04:16:13] [main/INFO]: Loaded 1584 advancements
[04:16:13] [Server thread/INFO]: Starting minecraft server version 1.21.11
[04:16:13] [Server thread/INFO]: Loading properties
[04:16:13] [Server thread/INFO]: Default game type: SURVIVAL
[04:16:13] [Server thread/INFO]: Generating keypair
[04:16:13] [Server thread/INFO]: Starting Minecraft server on *:25565
[04:16:13] [Server thread/WARN]: **** SERVER IS RUNNING IN OFFLINE/INSECURE MODE!
[04:16:13] [Server thread/WARN]: The server will make no attempt to authenticate usernames. Beware.
[04:16:13] [Server thread/WARN]: While this makes the game possible to play without internet access, it also opens up the ability for hackers to connect with any username they choose.
[04:16:13] [Server thread/WARN]: To change this, set "online-mode" to "true" in the server.properties file.
[04:16:13] [Server thread/INFO]: Preparing level "world"
[04:16:14] [Server thread/INFO]: Loading 0 persistent chunks...
[04:16:14] [Server thread/INFO]: Preparing spawn area: 100%
[04:16:14] [Server thread/INFO]: Time elapsed: 14 ms
[04:16:14] [Server thread/INFO]: Done (0.417s)! For help, type "help"
[04:16:14] [Server thread/INFO]: Starting GS4 status listener
[04:16:14] [Server thread/INFO]: Thread Query Listener started
[04:16:14] [Query Listener #1/INFO]: Query running on 0.0.0.0:25565
[04:16:23] [Server thread/INFO]: JosaYT123[/127.115.189.227:42441] logged in with entity id 17 at (-1038.7020186715733, 64.0, -150.84237631423298)
[04:16:23] [Server thread/INFO]: JosaYT123 joined the game
[04:17:09] [Server thread/WARN]: Can't keep up! Is the server overloaded? Running 2061ms or 41 ticks behind
[04:17:28] [Server thread/INFO]: Melody849[/127.60.148.33:38753] logged in with entity id 742 at (-67.44678731929504, 96.0, -363.12439523324065)
[04:17:28] [Server thread/INFO]: Melody849 joined the game
[04:17:39] [Server thread/INFO]: [Not Secure] <JosaYT123> hola lenin
[04:17:42] [Server thread/INFO]: HUmbertiski[/127.56.199.30:42171] logged in with entity id 1054 at (-1028.795354104916, 68.0, -160.07824238420557)
[04:17:42] [Server thread/INFO]: HUmbertiski joined the game
[04:17:47] [Server thread/INFO]: [Not Secure] <Melody849> ola
[04:17:48] [Server thread/INFO]: [Not Secure] <JosaYT123> estoy a medio cora
[04:17:54] [Server thread/INFO]: [Not Secure] <Melody849> xd
[04:17:57] [Server thread/INFO]: [Not Secure] <Melody849> x2
[04:18:04] [Server thread/INFO]: [Not Secure] <HUmbertiski> esta bien raro el server
[04:18:11] [Server thread/INFO]: [Not Secure] <JosaYT123> Lenin mete un mod que no quite logros de toa
[04:18:14] [Server thread/WARN]: Can't keep up! Is the server overloaded? Running 2000ms or 40 ticks behind
[04:18:15] [Server thread/INFO]: [Not Secure] <JosaYT123> tpa
[04:18:32] [Server thread/WARN]: Can't keep up! Is the server overloaded? Running 2782ms or 55 ticks behind
[04:18:35] [Server thread/INFO]: [Not Secure] <Melody849> necesitan instalarlo ustedes tambien
[04:18:47] [Server thread/INFO]: [Not Secure] <Melody849> no quita los logros
[04:18:50] [Server thread/WARN]: Can't keep up! Is the server overloaded? Running 2268ms or 45 ticks behind
[04:18:56] [Server thread/INFO]: [Not Secure] <Melody849> sin mods
[04:19:00] [Server thread/INFO]: [Not Secure] <JosaYT123> ponlo tu lenin
[04:19:08] [Server thread/WARN]: Can't keep up! Is the server overloaded? Running 3286ms or 65 ticks behind
[04:19:21] [Server thread/INFO]: [Not Secure] <HUmbertiski> q feo va xd
[04:19:28] [Server thread/INFO]: [Not Secure] <Melody849> haganme tp donde ustedes
[04:19:38] [Server thread/INFO]: [Not Secure] <Melody849> tiene op
[04:19:53] [Server thread/INFO]: [HUmbertiski: Teleported Melody849 to HUmbertiski]
[04:19:53] [Server thread/INFO]: [Not Secure] <Melody849> ese eres vos feto
[04:19:55] [Server thread/WARN]: Can't keep up! Is the server overloaded? Running 2093ms or 41 ticks behind
[04:20:06] [Server thread/INFO]: [Not Secure] <HUmbertiski> va todo lag
[04:20:17] [Server thread/INFO]: [Not Secure] <Melody849> yo voy fluido
[04:20:59] [Server thread/INFO]: Melody849 was slain by HUmbertiski
[04:21:04] [Server thread/INFO]: [Not Secure] <Melody849> xd
[04:21:04] [Server thread/INFO]: [Not Secure] <HUmbertiski> xdddddddd
[04:21:10] [Server thread/INFO]: [Not Secure] <Melody849> tp
[04:21:12] [Server thread/INFO]: JosaYT123 has made the advancement [Fishy Business]
[04:21:14] [Server thread/INFO]: [Not Secure] <HUmbertiski> te pegue con el puño
[04:21:26] [Server thread/INFO]: [HUmbertiski: Teleported Melody849 to HUmbertiski]
/op Melody7 7 849
[04:21:58] [Server thread/INFO]: Made Melody849 a server operator
[04:22:26] [Server thread/INFO]: [Not Secure] <Melody849> ya se esta saturando
[04:22:30] [Server thread/INFO]: [JosaYT123: Teleported HUmbertiski to JosaYT123]
[04:22:31] [Server thread/INFO]: [Not Secure] <HUmbertiski> xddd
[04:22:36] [Server thread/INFO]: [Not Secure] <Melody849> cuesta q cargen los chunks
[04:22:46] [Server thread/INFO]: JosaYT123 was slain by Melody849
[04:22:48] [Server thread/INFO]: Melody849 has made the advancement [Acquire Hardware]
[04:22:50] [Server thread/INFO]: [Not Secure] <Melody849> a
[04:22:53] [Server thread/INFO]: [Not Secure] <HUmbertiski> xdddddd
[04:23:04] [Server thread/INFO]: [Melody849: Teleported JosaYT123 to Melody849]
[04:23:32] [Server thread/INFO]: Melody849 was slain by JosaYT123
[04:23:42] [Server thread/INFO]: [Melody849: Teleported Melody849 to JosaYT123]
[04:23:45] [Server thread/INFO]: [HUmbertiski: Teleported HUmbertiski to JosaYT123]
[04:24:03] [Server thread/INFO]: Melody849 was slain by JosaYT123
[04:24:09] [Server thread/INFO]: [Melody849: Teleported Melody849 to JosaYT123]
[04:24:33] [Server thread/INFO]: [Melody849: Set own game mode to Adventure Mode]
[04:24:36] [Server thread/INFO]: Melody849 was slain by JosaYT123
[04:24:41] [Server thread/INFO]: [Melody849: Teleported Melody849 to JosaYT123]
[04:24:44] [Server thread/INFO]: [Melody849: Set own game mode to Spectator Mode]
[04:25:23] [Server thread/INFO]: [Melody849: Set own game mode to Adventure Mode]
[04:25:25] [Server thread/INFO]: [Melody849: Set own game mode to Survival Mode]
[04:25:31] [Server thread/INFO]: HUmbertiski lost connection: Timed out
[04:25:31] [Server thread/INFO]: HUmbertiski left the game
[04:25:31] [Server thread/WARN]: handleDisconnection() called twice
[04:25:43] [Server thread/INFO]: JosaYT123 lost connection: Timed out
[04:25:43] [Server thread/INFO]: JosaYT123 left the game
[04:25:43] [Server thread/WARN]: handleDisconnection() called twice
[04:25:46] [Server thread/INFO]: Melody849 lost connection: Timed out
[04:25:46] [Server thread/INFO]: Melody849 left the game
[04:26:46] [Server thread/INFO]: Server empty for 60 seconds, pausing
^X
[04:32:15] [Server thread/INFO]: Unknown or incomplete command. See below for error
[04:32:15] [Server thread/INFO]: <--[HERE]
^C